2026-06-11 17:26:39.469 [info] Reading sessions from keychain...
2026-06-11 17:26:39.469 [info] Getting sessions for all scopes...
2026-06-11 17:26:39.469 [info] Got stored sessions!
2026-06-11 17:26:39.469 [info] Got 2 verified sessions.
2026-06-11 17:26:39.469 [info] Got 2 sessions for ...
2026-06-11 17:26:40.957 [info] Getting sessions for all scopes...
2026-06-11 17:26:40.957 [info] Got 2 sessions for ...
2026-06-11 17:27:01.127 [info] Getting sessions for user:email...
2026-06-11 17:27:01.128 [info] Got 1 sessions for user:email...
2026-06-11 17:27:02.122 [info] FetcherService: Node fetch failed with status: 429 Too Many Requests
2026-06-11 17:27:02.152 [info] Unable to resolve optional EDU details. Status: 429 Too Many Requests
2026-06-11 17:27:02.379 [info] Getting sessions for all scopes...
2026-06-11 17:27:02.379 [info] Got 2 sessions for ...
2026-06-11 17:27:02.380 [info] Getting sessions for all scopes...
2026-06-11 17:27:02.380 [info] Got 2 sessions for ...
2026-06-11 17:27:04.641 [info] Getting sessions for read:user,repo,user:email,workflow...
2026-06-11 17:27:04.642 [info] Got 1 sessions for read:user,repo,user:email,workflow...
2026-06-11 17:27:07.724 [info] Getting sessions for all scopes...
2026-06-11 17:27:07.724 [info] Got 2 sessions for ...
2026-06-11 17:27:07.725 [info] Getting sessions for all scopes...
2026-06-11 17:27:07.725 [info] Got 2 sessions for ...
2026-06-11 17:27:07.728 [info] Getting sessions for all scopes...
2026-06-11 17:27:07.729 [info] Got 2 sessions for ...
2026-06-11 17:27:10.046 [info] Getting sessions for user:email...
2026-06-11 17:27:10.046 [info] Got 1 sessions for user:email...
2026-06-11 17:27:10.142 [info] Getting sessions for read:user,repo,user:email,workflow...
2026-06-11 17:27:10.142 [info] Got 1 sessions for read:user,repo,user:email,workflow...
2026-06-11 17:27:10.592 [info] Getting sessions for all scopes...
2026-06-11 17:27:10.592 [info] Got 2 sessions for ...
2026-06-11 17:27:10.598 [info] Getting sessions for read:user,repo,user:email,workflow...
2026-06-11 17:27:10.599 [info] Got 1 sessions for read:user,repo,user:email,workflow...
2026-06-11 17:27:11.475 [info] Getting sessions for all scopes...
2026-06-11 17:27:11.475 [info] Got 2 sessions for ...
2026-06-11 17:27:11.476 [info] Getting sessions for all scopes...
2026-06-11 17:27:11.476 [info] Got 2 sessions for ...
2026-06-11 17:27:11.622 [info] Getting sessions for read:user,repo,user:email,workflow...
2026-06-11 17:27:11.622 [info] Got 1 sessions for read:user,repo,user:email,workflow...
2026-06-11 17:27:12.371 [info] Getting sessions for all scopes...
2026-06-11 17:27:12.371 [info] Got 2 sessions for ...
2026-06-11 17:27:12.683 [info] Getting sessions for all scopes...
2026-06-11 17:27:12.683 [info] Got 2 sessions for ...
2026-06-11 17:27:12.874 [info] Getting sessions for all scopes...
2026-06-11 17:27:12.874 [info] Got 2 sessions for ...
2026-06-11 17:27:12.876 [info] Getting sessions for all scopes...
2026-06-11 17:27:12.876 [info] Got 2 sessions for ...
2026-06-11 17:27:13.015 [info] Getting sessions for read:user,repo,user:email,workflow...
2026-06-11 17:27:13.016 [info] Got 1 sessions for read:user,repo,user:email,workflow...
2026-06-11 17:27:13.577 [info] Getting sessions for all scopes...
2026-06-11 17:27:13.577 [info] Got 2 sessions for ...
2026-06-11 17:27:13.600 [info] Getting sessions for read:user,repo,user:email,workflow...
2026-06-11 17:27:13.600 [info] Got 1 sessions for read:user,repo,user:email,workflow...
2026-06-11 17:28:05.792 [info] Getting sessions for all scopes...
2026-06-11 17:28:05.792 [info] Got 2 sessions for ...
2026-06-11 17:28:05.835 [info] Getting sessions for all scopes...
2026-06-11 17:28:05.835 [info] Got 2 sessions for ...
2026-06-11 17:28:07.748 [info] Getting sessions for all scopes...
2026-06-11 17:28:07.748 [info] Got 2 sessions for ...
2026-06-11 17:28:39.535 [info] Getting sessions for all scopes...
2026-06-11 17:28:39.535 [info] Got 2 sessions for ...
2026-06-11 17:28:39.537 [info] Getting sessions for all scopes...
2026-06-11 17:28:39.537 [info] Got 2 sessions for ...
2026-06-11 17:29:26.373 [info] Getting sessions for all scopes...
2026-06-11 17:29:26.373 [info] Got 2 sessions for ...
2026-06-11 17:29:26.375 [info] Getting sessions for all scopes...
2026-06-11 17:29:26.378 [info] Got 2 sessions for ...
2026-06-11 17:43:05.501 [info] Getting sessions for all scopes...
2026-06-11 17:43:05.501 [info] Got 2 sessions for ...
2026-06-11 17:43:05.503 [info] Getting sessions for all scopes...
2026-06-11 17:43:05.504 [info] Got 2 sessions for ...
2026-06-11 18:07:35.572 [info] Getting sessions for all scopes...
2026-06-11 18:07:35.573 [info] Got 2 sessions for ...
2026-06-11 18:07:35.575 [info] Getting sessions for all scopes...
2026-06-11 18:07:35.575 [info] Got 2 sessions for ...
