[INFO 9:09:39 PM] miguelsolorio.symbols activated
[INFO 9:09:40 PM] 🤖 symbols.defaultAssociations changed, updating to true
[INFO 9:09:40 PM] 🤖 symbols.hidesExplorerArrows changed, updating to false
[INFO 9:09:40 PM] 🤖 symbols.folders.associations changed, updating to undefined
[INFO 9:09:40 PM] 🤖 symbols.hidesLogoIcons changed, updating to undefined
[INFO 9:09:40 PM] 🤖 symbols.rootFolders.associations changed, updating to undefined
[INFO 9:09:40 PM] 🤖 symbols.files.associations changed, updating to undefined
[INFO 9:09:40 PM] 🤖 symbols.subfolder.file.associations changed, updating to undefined
[INFO 9:09:40 PM] 🤖 symbols.defaultAssociations changed, updating to true
[INFO 9:09:40 PM] 🤖 symbols.hidesExplorerArrows changed, updating to false
[INFO 9:09:40 PM] 🤖 symbols.folders.associations changed, updating to undefined
[INFO 9:09:40 PM] 🤖 symbols.hidesLogoIcons changed, updating to undefined
[INFO 9:09:40 PM] 🤖 symbols.rootFolders.associations changed, updating to undefined
[INFO 9:09:40 PM] 🤖 symbols.files.associations changed, updating to undefined
[INFO 9:09:40 PM] 🤖 symbols.subfolder.file.associations changed, updating to undefined
[INFO 9:09:40 PM] 🤖 symbols.defaultAssociations changed, updating to true
[INFO 9:09:40 PM] 🤖 symbols.hidesExplorerArrows changed, updating to false
[INFO 9:09:40 PM] 🤖 symbols.folders.associations changed, updating to undefined
[INFO 9:09:40 PM] 🤖 symbols.hidesLogoIcons changed, updating to undefined
[INFO 9:09:40 PM] 🤖 symbols.rootFolders.associations changed, updating to undefined
[INFO 9:09:40 PM] 🤖 symbols.files.associations changed, updating to undefined
[INFO 9:09:40 PM] 🤖 symbols.subfolder.file.associations changed, updating to undefined
[INFO 9:09:43 PM] 🤖 symbols.defaultAssociations changed, updating to true
[INFO 9:09:43 PM] 🤖 symbols.hidesExplorerArrows changed, updating to false
[INFO 9:09:43 PM] 🤖 symbols.folders.associations changed, updating to undefined
[INFO 9:09:43 PM] 🤖 symbols.hidesLogoIcons changed, updating to undefined
[INFO 9:09:43 PM] 🤖 symbols.rootFolders.associations changed, updating to undefined
[INFO 9:09:43 PM] 🤖 symbols.files.associations changed, updating to undefined
[INFO 9:09:43 PM] 🤖 symbols.subfolder.file.associations changed, updating to undefined
[INFO 9:09:43 PM] 🤖 symbols.defaultAssociations changed, updating to true
[INFO 9:09:43 PM] 🤖 symbols.hidesExplorerArrows changed, updating to false
[INFO 9:09:43 PM] 🤖 symbols.folders.associations changed, updating to undefined
[INFO 9:09:43 PM] 🤖 symbols.hidesLogoIcons changed, updating to undefined
[INFO 9:09:43 PM] 🤖 symbols.rootFolders.associations changed, updating to undefined
[INFO 9:09:43 PM] 🤖 symbols.files.associations changed, updating to undefined
[INFO 9:09:43 PM] 🤖 symbols.subfolder.file.associations changed, updating to undefined
[INFO 9:09:45 PM] 🤖 symbols.defaultAssociations changed, updating to true
[INFO 9:09:45 PM] 🤖 symbols.hidesExplorerArrows changed, updating to false
[INFO 9:09:45 PM] 🤖 symbols.folders.associations changed, updating to undefined
[INFO 9:09:45 PM] 🤖 symbols.hidesLogoIcons changed, updating to undefined
[INFO 9:09:45 PM] 🤖 symbols.rootFolders.associations changed, updating to undefined
[INFO 9:09:45 PM] 🤖 symbols.files.associations changed, updating to undefined
[INFO 9:09:45 PM] 🤖 symbols.subfolder.file.associations changed, updating to undefined
