2026-06-11 19:19:42.211 [info] Reading sessions from keychain...
2026-06-11 19:19:42.211 [info] Got stored sessions!
2026-06-11 19:19:42.211 [info] Got 2 verified sessions.
2026-06-11 19:19:42.211 [info] Getting sessions for all scopes...
2026-06-11 19:19:42.211 [info] Got 2 sessions for ...
2026-06-11 19:19:42.212 [info] Getting sessions for all scopes...
2026-06-11 19:19:42.212 [info] Got 2 sessions for ...
2026-06-11 19:20:11.997 [info] Getting sessions for user:email...
2026-06-11 19:20:11.999 [info] Got 1 sessions for user:email...
2026-06-11 19:20:12.180 [info] Getting sessions for all scopes...
2026-06-11 19:20:12.180 [info] Got 2 sessions for ...
2026-06-11 19:20:18.833 [info] Getting sessions for all scopes...
2026-06-11 19:20:18.853 [info] Got 2 sessions for ...
2026-06-11 19:20:18.854 [info] Getting sessions for all scopes...
2026-06-11 19:20:18.854 [info] Got 2 sessions for ...
2026-06-11 19:20:20.090 [info] FetcherService: Node fetch failed with status: 429 Too Many Requests
2026-06-11 19:20:20.109 [info] Unable to resolve optional EDU details. Status: 429 Too Many Requests
2026-06-11 19:20:21.087 [info] Getting sessions for read:user,repo,user:email,workflow...
2026-06-11 19:20:21.087 [info] Got 1 sessions for read:user,repo,user:email,workflow...
2026-06-11 19:20:24.317 [info] Getting sessions for all scopes...
2026-06-11 19:20:24.318 [info] Got 2 sessions for ...
2026-06-11 19:20:24.319 [info] Getting sessions for all scopes...
2026-06-11 19:20:24.319 [info] Got 2 sessions for ...
2026-06-11 19:20:24.346 [info] Getting sessions for all scopes...
2026-06-11 19:20:24.346 [info] Got 2 sessions for ...
2026-06-11 19:20:31.236 [info] Getting sessions for user:email...
2026-06-11 19:20:31.236 [info] Got 1 sessions for user:email...
2026-06-11 19:20:31.427 [info] Getting sessions for read:user,repo,user:email,workflow...
2026-06-11 19:20:31.429 [info] Got 1 sessions for read:user,repo,user:email,workflow...
2026-06-11 19:20:32.510 [info] Getting sessions for all scopes...
2026-06-11 19:20:32.510 [info] Got 2 sessions for ...
2026-06-11 19:20:32.625 [info] Getting sessions for read:user,repo,user:email,workflow...
2026-06-11 19:20:32.625 [info] Got 1 sessions for read:user,repo,user:email,workflow...
2026-06-11 19:20:32.626 [info] Getting sessions for all scopes...
2026-06-11 19:20:32.626 [info] Got 2 sessions for ...
2026-06-11 19:20:32.640 [info] Getting sessions for read:user,repo,user:email,workflow...
2026-06-11 19:20:32.640 [info] Got 1 sessions for read:user,repo,user:email,workflow...
2026-06-11 19:20:34.059 [info] Getting sessions for all scopes...
2026-06-11 19:20:34.059 [info] Got 2 sessions for ...
2026-06-11 19:20:34.125 [info] Getting sessions for all scopes...
2026-06-11 19:20:34.125 [info] Got 2 sessions for ...
2026-06-11 19:20:34.133 [info] Getting sessions for all scopes...
2026-06-11 19:20:34.134 [info] Got 2 sessions for ...
2026-06-11 19:20:34.252 [info] Getting sessions for all scopes...
2026-06-11 19:20:34.252 [info] Got 2 sessions for ...
2026-06-11 19:20:34.493 [info] Getting sessions for read:user,repo,user:email,workflow...
2026-06-11 19:20:34.493 [info] Got 1 sessions for read:user,repo,user:email,workflow...
2026-06-11 19:20:35.831 [info] Getting sessions for all scopes...
2026-06-11 19:20:35.831 [info] Got 2 sessions for ...
2026-06-11 19:20:35.837 [info] Getting sessions for read:user,repo,user:email,workflow...
2026-06-11 19:20:35.837 [info] Got 1 sessions for read:user,repo,user:email,workflow...
2026-06-11 20:05:54.851 [info] Getting sessions for all scopes...
2026-06-11 20:05:54.888 [info] Got 2 sessions for ...
2026-06-11 20:05:54.891 [info] Getting sessions for all scopes...
2026-06-11 20:05:54.891 [info] Got 2 sessions for ...
2026-06-11 20:06:27.619 [info] Reading sessions from keychain...
2026-06-11 20:06:27.653 [info] Getting sessions for all scopes...
2026-06-11 20:06:27.653 [info] Got stored sessions!
2026-06-11 20:06:27.653 [info] Got 2 verified sessions.
2026-06-11 20:06:27.653 [info] Got 2 sessions for ...
2026-06-11 20:06:27.653 [info] Getting sessions for all scopes...
2026-06-11 20:06:27.654 [info] Got 2 sessions for ...
2026-06-11 20:06:50.029 [info] Getting sessions for all scopes...
2026-06-11 20:06:50.030 [info] Got 2 sessions for ...
2026-06-11 20:06:50.653 [info] Getting sessions for user:email...
2026-06-11 20:06:50.654 [info] Got 1 sessions for user:email...
2026-06-11 20:06:51.225 [info] Getting sessions for all scopes...
2026-06-11 20:06:51.225 [info] Got 2 sessions for ...
2026-06-11 20:06:51.981 [info] Getting sessions for all scopes...
2026-06-11 20:06:51.981 [info] Got 2 sessions for ...
2026-06-11 20:06:53.604 [info] Getting sessions for all scopes...
2026-06-11 20:06:53.605 [info] Got 2 sessions for ...
2026-06-11 20:06:53.606 [info] Getting sessions for all scopes...
2026-06-11 20:06:53.606 [info] Got 2 sessions for ...
2026-06-11 20:06:58.652 [info] FetcherService: Node fetch failed with status: 429 Too Many Requests
2026-06-11 20:06:58.665 [info] Unable to resolve optional EDU details. Status: 429 Too Many Requests
2026-06-11 20:06:58.975 [info] Getting sessions for read:user,repo,user:email,workflow...
2026-06-11 20:06:58.975 [info] Got 1 sessions for read:user,repo,user:email,workflow...
2026-06-11 20:07:04.123 [info] Getting sessions for all scopes...
2026-06-11 20:07:04.123 [info] Got 2 sessions for ...
2026-06-11 20:07:04.125 [info] Getting sessions for all scopes...
2026-06-11 20:07:04.125 [info] Got 2 sessions for ...
2026-06-11 20:07:04.132 [info] Getting sessions for all scopes...
2026-06-11 20:07:04.132 [info] Got 2 sessions for ...
2026-06-11 20:07:07.640 [info] Getting sessions for user:email...
2026-06-11 20:07:07.640 [info] Got 1 sessions for user:email...
2026-06-11 20:07:07.887 [info] Getting sessions for all scopes...
2026-06-11 20:07:07.888 [info] Got 2 sessions for ...
2026-06-11 20:07:07.935 [info] Getting sessions for all scopes...
2026-06-11 20:07:07.936 [info] Got 2 sessions for ...
2026-06-11 20:07:08.090 [info] Getting sessions for read:user,repo,user:email,workflow...
2026-06-11 20:07:08.090 [info] Got 1 sessions for read:user,repo,user:email,workflow...
2026-06-11 20:07:10.042 [info] Getting sessions for all scopes...
2026-06-11 20:07:10.042 [info] Got 2 sessions for ...
2026-06-11 20:07:10.045 [info] Getting sessions for all scopes...
2026-06-11 20:07:10.046 [info] Got 2 sessions for ...
2026-06-11 20:07:17.126 [info] Getting sessions for read:user,repo,user:email,workflow...
2026-06-11 20:07:17.127 [info] Got 1 sessions for read:user,repo,user:email,workflow...
2026-06-11 20:07:19.149 [info] Getting sessions for all scopes...
2026-06-11 20:07:19.149 [info] Got 2 sessions for ...
2026-06-11 20:07:19.681 [info] Getting sessions for all scopes...
2026-06-11 20:07:19.681 [info] Got 2 sessions for ...
2026-06-11 20:07:19.691 [info] Getting sessions for all scopes...
2026-06-11 20:07:19.691 [info] Got 2 sessions for ...
2026-06-11 20:07:19.692 [info] Getting sessions for all scopes...
2026-06-11 20:07:19.693 [info] Got 2 sessions for ...
2026-06-11 20:07:30.655 [info] Getting sessions for read:user,repo,user:email,workflow...
2026-06-11 20:07:30.655 [info] Got 1 sessions for read:user,repo,user:email,workflow...
2026-06-11 20:07:43.339 [info] Getting sessions for all scopes...
2026-06-11 20:07:43.339 [info] Got 2 sessions for ...
2026-06-11 20:07:44.259 [info] Getting sessions for read:user,repo,user:email,workflow...
2026-06-11 20:07:44.259 [info] Got 1 sessions for read:user,repo,user:email,workflow...
2026-06-11 20:07:45.831 [info] Getting sessions for all scopes...
2026-06-11 20:07:45.832 [info] Got 2 sessions for ...
2026-06-11 20:07:46.026 [info] Getting sessions for read:user,repo,user:email,workflow...
2026-06-11 20:07:46.026 [info] Got 1 sessions for read:user,repo,user:email,workflow...
2026-06-11 20:07:58.986 [info] Getting sessions for all scopes...
2026-06-11 20:07:58.986 [info] Got 2 sessions for ...
2026-06-11 20:07:59.571 [info] Getting sessions for read:user,repo,user:email,workflow...
2026-06-11 20:07:59.576 [info] Got 1 sessions for read:user,repo,user:email,workflow...
2026-06-11 20:11:28.870 [info] Getting sessions for all scopes...
2026-06-11 20:11:28.870 [info] Got 2 sessions for ...
2026-06-11 20:11:28.885 [info] Getting sessions for all scopes...
2026-06-11 20:11:28.885 [info] Got 2 sessions for ...
2026-06-11 20:11:33.856 [info] Getting sessions for all scopes...
2026-06-11 20:11:33.856 [info] Got 2 sessions for ...
2026-06-11 20:11:33.866 [info] Getting sessions for read:user,repo,user:email,workflow...
2026-06-11 20:11:33.866 [info] Got 1 sessions for read:user,repo,user:email,workflow...
2026-06-11 20:12:33.839 [info] Getting sessions for all scopes...
2026-06-11 20:12:33.839 [info] Got 2 sessions for ...
2026-06-11 20:12:33.892 [info] Getting sessions for all scopes...
2026-06-11 20:12:33.892 [info] Got 2 sessions for ...
2026-06-11 20:12:56.464 [info] Getting sessions for all scopes...
2026-06-11 20:12:56.464 [info] Got 2 sessions for ...
2026-06-11 20:12:56.477 [info] Getting sessions for all scopes...
2026-06-11 20:12:56.477 [info] Got 2 sessions for ...
2026-06-11 20:13:01.614 [info] Getting sessions for all scopes...
2026-06-11 20:13:01.614 [info] Got 2 sessions for ...
2026-06-11 20:13:01.637 [info] Getting sessions for all scopes...
2026-06-11 20:13:01.637 [info] Got 2 sessions for ...
2026-06-11 20:13:08.150 [info] Getting sessions for all scopes...
2026-06-11 20:13:08.150 [info] Got 2 sessions for ...
2026-06-11 20:13:08.173 [info] Getting sessions for all scopes...
2026-06-11 20:13:08.173 [info] Got 2 sessions for ...
2026-06-11 20:13:12.549 [info] Getting sessions for all scopes...
2026-06-11 20:13:12.686 [info] Got 2 sessions for ...
2026-06-11 20:13:12.808 [info] Getting sessions for all scopes...
2026-06-11 20:13:12.808 [info] Got 2 sessions for ...
2026-06-11 20:13:20.738 [info] Getting sessions for all scopes...
2026-06-11 20:13:20.738 [info] Got 2 sessions for ...
2026-06-11 20:13:20.743 [info] Getting sessions for all scopes...
2026-06-11 20:13:20.744 [info] Got 2 sessions for ...
2026-06-11 20:13:33.397 [info] Getting sessions for all scopes...
2026-06-11 20:13:33.398 [info] Got 2 sessions for ...
2026-06-11 20:13:33.409 [info] Getting sessions for all scopes...
2026-06-11 20:13:33.410 [info] Got 2 sessions for ...
2026-06-11 20:13:50.112 [info] Getting sessions for all scopes...
2026-06-11 20:13:50.189 [info] Got 2 sessions for ...
2026-06-11 20:13:50.386 [info] Getting sessions for all scopes...
2026-06-11 20:13:50.386 [info] Got 2 sessions for ...
2026-06-11 20:27:32.775 [info] Getting sessions for all scopes...
2026-06-11 20:27:32.880 [info] Got 2 sessions for ...
2026-06-11 20:27:32.925 [info] Getting sessions for all scopes...
2026-06-11 20:27:32.926 [info] Got 2 sessions for ...
2026-06-11 20:27:36.780 [info] Getting sessions for all scopes...
2026-06-11 20:27:36.782 [info] Got 2 sessions for ...
2026-06-11 20:27:37.785 [info] Getting sessions for read:user,repo,user:email,workflow...
2026-06-11 20:27:37.786 [info] Got 1 sessions for read:user,repo,user:email,workflow...
2026-06-11 20:36:50.298 [info] Getting sessions for all scopes...
2026-06-11 20:36:50.327 [info] Got 2 sessions for ...
2026-06-11 20:36:50.391 [info] Getting sessions for all scopes...
2026-06-11 20:36:50.391 [info] Got 2 sessions for ...
2026-06-11 20:37:10.976 [info] Getting sessions for all scopes...
2026-06-11 20:37:10.976 [info] Got 2 sessions for ...
2026-06-11 20:37:11.149 [info] Getting sessions for all scopes...
2026-06-11 20:37:11.149 [info] Got 2 sessions for ...
2026-06-11 20:37:35.941 [info] Getting sessions for all scopes...
2026-06-11 20:37:35.941 [info] Got 2 sessions for ...
2026-06-11 20:37:35.952 [info] Getting sessions for read:user,repo,user:email,workflow...
2026-06-11 20:37:35.952 [info] Got 1 sessions for read:user,repo,user:email,workflow...
2026-06-11 20:38:05.453 [info] Getting sessions for all scopes...
2026-06-11 20:38:05.453 [info] Got 2 sessions for ...
2026-06-11 20:38:05.466 [info] Getting sessions for all scopes...
2026-06-11 20:38:05.467 [info] Got 2 sessions for ...
2026-06-11 20:40:41.218 [info] Getting sessions for all scopes...
2026-06-11 20:40:41.218 [info] Got 2 sessions for ...
2026-06-11 20:40:41.227 [info] Getting sessions for all scopes...
2026-06-11 20:40:41.227 [info] Got 2 sessions for ...
2026-06-11 20:43:28.679 [info] Getting sessions for all scopes...
2026-06-11 20:43:28.699 [info] Got 2 sessions for ...
2026-06-11 20:43:28.717 [info] Getting sessions for all scopes...
2026-06-11 20:43:28.719 [info] Got 2 sessions for ...
2026-06-11 20:44:07.991 [info] Getting sessions for all scopes...
2026-06-11 20:44:07.992 [info] Got 2 sessions for ...
2026-06-11 20:44:08.059 [info] Getting sessions for all scopes...
2026-06-11 20:44:08.060 [info] Got 2 sessions for ...
2026-06-11 20:44:20.502 [info] Getting sessions for all scopes...
2026-06-11 20:44:20.502 [info] Got 2 sessions for ...
2026-06-11 20:44:20.513 [info] Getting sessions for all scopes...
2026-06-11 20:44:20.514 [info] Got 2 sessions for ...
