2026-06-11 20:45:15.361 [info] Reading sessions from keychain...
2026-06-11 20:45:15.361 [info] Getting sessions for all scopes...
2026-06-11 20:45:15.361 [info] Got stored sessions!
2026-06-11 20:45:15.361 [info] Got 2 verified sessions.
2026-06-11 20:45:15.361 [info] Got 2 sessions for ...
2026-06-11 20:45:15.361 [info] Getting sessions for all scopes...
2026-06-11 20:45:15.361 [info] Got 2 sessions for ...
2026-06-11 20:45:15.361 [info] Getting sessions for all scopes...
2026-06-11 20:45:15.361 [info] Got 2 sessions for ...
2026-06-11 20:45:15.361 [info] Getting sessions for user:email...
2026-06-11 20:45:15.361 [info] Got 1 sessions for user:email...
2026-06-11 20:45:15.361 [info] Getting sessions for all scopes...
2026-06-11 20:45:15.361 [info] Got 2 sessions for ...
2026-06-11 20:45:15.361 [info] Getting sessions for all scopes...
2026-06-11 20:45:15.361 [info] Got 2 sessions for ...
2026-06-11 20:45:15.361 [info] Getting sessions for all scopes...
2026-06-11 20:45:15.361 [info] Got 2 sessions for ...
2026-06-11 20:45:15.518 [info] Getting sessions for read:user,repo,user:email,workflow...
2026-06-11 20:45:15.518 [info] Got 1 sessions for read:user,repo,user:email,workflow...
2026-06-11 20:45:21.263 [info] Getting sessions for all scopes...
2026-06-11 20:45:21.263 [info] Got 2 sessions for ...
2026-06-11 20:45:23.616 [info] FetcherService: Node fetch failed with status: 429 Too Many Requests
2026-06-11 20:45:23.625 [info] Unable to resolve optional EDU details. Status: 429 Too Many Requests
2026-06-11 20:45:23.911 [info] Getting sessions for all scopes...
2026-06-11 20:45:23.911 [info] Got 2 sessions for ...
2026-06-11 20:45:24.546 [info] Getting sessions for read:user,repo,user:email,workflow...
2026-06-11 20:45:24.547 [info] Got 1 sessions for read:user,repo,user:email,workflow...
2026-06-11 20:45:24.550 [info] Getting sessions for user:email...
2026-06-11 20:45:24.550 [info] Got 1 sessions for user:email...
2026-06-11 20:45:25.810 [info] Getting sessions for all scopes...
2026-06-11 20:45:25.810 [info] Got 2 sessions for ...
2026-06-11 20:45:25.811 [info] Getting sessions for all scopes...
2026-06-11 20:45:25.811 [info] Got 2 sessions for ...
2026-06-11 20:45:25.967 [info] Getting sessions for read:user,repo,user:email,workflow...
2026-06-11 20:45:25.967 [info] Got 1 sessions for read:user,repo,user:email,workflow...
2026-06-11 20:45:26.589 [info] Getting sessions for all scopes...
2026-06-11 20:45:26.590 [info] Got 2 sessions for ...
2026-06-11 20:45:26.594 [info] Getting sessions for all scopes...
2026-06-11 20:45:26.594 [info] Got 2 sessions for ...
2026-06-11 20:45:26.606 [info] Getting sessions for all scopes...
2026-06-11 20:45:26.606 [info] Got 2 sessions for ...
2026-06-11 20:45:26.631 [info] Getting sessions for all scopes...
2026-06-11 20:45:26.631 [info] Got 2 sessions for ...
2026-06-11 20:45:26.672 [info] Getting sessions for read:user,repo,user:email,workflow...
2026-06-11 20:45:26.672 [info] Got 1 sessions for read:user,repo,user:email,workflow...
2026-06-11 20:45:26.809 [info] Getting sessions for all scopes...
2026-06-11 20:45:26.809 [info] Got 2 sessions for ...
2026-06-11 20:45:26.830 [info] Getting sessions for read:user,repo,user:email,workflow...
2026-06-11 20:45:26.830 [info] Got 1 sessions for read:user,repo,user:email,workflow...
2026-06-11 20:45:26.997 [info] Getting sessions for all scopes...
2026-06-11 20:45:26.997 [info] Got 2 sessions for ...
2026-06-11 20:45:27.001 [info] Getting sessions for read:user,repo,user:email,workflow...
2026-06-11 20:45:27.002 [info] Got 1 sessions for read:user,repo,user:email,workflow...
2026-06-11 20:45:27.146 [info] Getting sessions for all scopes...
2026-06-11 20:45:27.146 [info] Got 2 sessions for ...
2026-06-11 20:45:27.150 [info] Getting sessions for read:user,repo,user:email,workflow...
2026-06-11 20:45:27.150 [info] Got 1 sessions for read:user,repo,user:email,workflow...
2026-06-11 20:45:36.678 [info] Getting sessions for all scopes...
2026-06-11 20:45:36.678 [info] Got 2 sessions for ...
2026-06-11 20:45:36.681 [info] Getting sessions for all scopes...
2026-06-11 20:45:36.682 [info] Got 2 sessions for ...
