2026-06-09 21:01:01.931 [info] Reading sessions from keychain...
2026-06-09 21:01:01.931 [info] Getting sessions for all scopes...
2026-06-09 21:01:01.931 [info] Got stored sessions!
2026-06-09 21:01:01.931 [info] Got 2 verified sessions.
2026-06-09 21:01:01.931 [info] Got 2 sessions for ...
2026-06-09 21:01:01.931 [info] Getting sessions for all scopes...
2026-06-09 21:01:01.931 [info] Got 2 sessions for ...
2026-06-09 21:01:01.931 [info] Getting sessions for all scopes...
2026-06-09 21:01:01.931 [info] Got 2 sessions for ...
2026-06-09 21:01:01.931 [info] Getting sessions for user:email...
2026-06-09 21:01:01.931 [info] Got 1 sessions for user:email...
2026-06-09 21:01:01.963 [info] Getting sessions for all scopes...
2026-06-09 21:01:01.964 [info] Got 2 sessions for ...
2026-06-09 21:01:08.905 [info] Getting sessions for all scopes...
2026-06-09 21:01:08.905 [info] Got 2 sessions for ...
2026-06-09 21:01:09.656 [info] FetcherService: Node fetch failed with status: 429 Too Many Requests
2026-06-09 21:01:09.678 [info] Unable to resolve optional EDU details. Status: 429 Too Many Requests
2026-06-09 21:02:13.253 [info] Getting sessions for all scopes...
2026-06-09 21:02:13.375 [info] Got 2 sessions for ...
2026-06-09 21:02:13.465 [info] Getting sessions for all scopes...
2026-06-09 21:02:13.466 [info] Got 2 sessions for ...
