2026-06-09 21:12:24.879 [info] [main] Log level: Info
2026-06-09 21:12:24.879 [info] [main] Validating found git in: "git"
2026-06-09 21:12:24.879 [info] [main] Using git "2.54.0" from "git"
2026-06-09 21:12:24.879 [info] [Model][doInitialScan] Initial repository scan started
2026-06-09 21:12:24.879 [info] > git rev-parse --show-toplevel [127ms]
2026-06-09 21:12:24.939 [info] > git rev-parse --show-toplevel [24ms]
2026-06-09 21:12:24.974 [info] > git rev-parse --show-toplevel [6ms]
2026-06-09 21:12:25.020 [info] > git rev-parse --show-toplevel [7ms]
2026-06-09 21:12:25.813 [info] > git rev-parse --show-toplevel [763ms]
2026-06-09 21:12:32.077 [info] > git rev-parse --show-toplevel [5589ms]
2026-06-09 21:12:32.414 [info] [Model][doInitialScan] Initial repository scan completed - repositories (0), closed repositories (0), parent repositories (1), unsafe repositories (0)
2026-06-09 21:12:38.285 [info] > git rev-parse --show-toplevel [218ms]
2026-06-09 21:12:38.557 [info] > git rev-parse --show-toplevel [9ms]
2026-06-09 21:12:44.668 [info] > git rev-parse --show-toplevel [20ms]
2026-06-09 21:12:47.159 [info] > git rev-parse --show-toplevel [21ms]
2026-06-09 21:15:15.711 [info] > git rev-parse --show-toplevel [15ms]
2026-06-09 21:15:32.891 [info] > git rev-parse --show-toplevel [5ms]
2026-06-09 21:16:48.723 [info] > git rev-parse --show-toplevel [30ms]
2026-06-09 21:16:49.331 [info] > git rev-parse --show-toplevel [8ms]
2026-06-09 21:17:11.383 [info] > git rev-parse --show-toplevel [14ms]
2026-06-09 21:17:20.797 [info] > git rev-parse --show-toplevel [10ms]
2026-06-09 21:17:26.196 [info] > git rev-parse --show-toplevel [9ms]
2026-06-09 21:17:40.306 [info] > git rev-parse --show-toplevel [18ms]
2026-06-09 21:18:26.500 [info] > git rev-parse --show-toplevel [10ms]
2026-06-09 21:18:38.050 [info] > git rev-parse --show-toplevel [7ms]
2026-06-09 21:18:42.259 [info] > git rev-parse --show-toplevel [28ms]
2026-06-09 21:19:16.287 [info] > git rev-parse --show-toplevel [10ms]
2026-06-09 21:19:25.608 [info] > git rev-parse --show-toplevel [13ms]
2026-06-09 21:20:14.244 [info] > git rev-parse --show-toplevel [9ms]
2026-06-09 21:20:33.891 [info] > git rev-parse --show-toplevel [6ms]
2026-06-09 21:26:00.317 [info] > git rev-parse --show-toplevel [7ms]
2026-06-09 21:26:38.944 [info] > git rev-parse --show-toplevel [7ms]
2026-06-09 21:26:46.189 [info] > git rev-parse --show-toplevel [7ms]
2026-06-09 21:26:48.891 [info] > git rev-parse --show-toplevel [9ms]
2026-06-09 21:26:53.627 [info] > git rev-parse --show-toplevel [8ms]
2026-06-09 21:26:55.364 [info] > git rev-parse --show-toplevel [8ms]
2026-06-09 21:26:56.779 [info] > git rev-parse --show-toplevel [9ms]
2026-06-09 21:27:06.001 [info] > git rev-parse --show-toplevel [6ms]
2026-06-09 21:27:09.007 [info] > git rev-parse --show-toplevel [8ms]
2026-06-09 21:27:19.575 [info] > git rev-parse --show-toplevel [7ms]
2026-06-09 21:27:53.370 [info] > git rev-parse --show-toplevel [6ms]
2026-06-09 21:27:58.048 [info] > git rev-parse --show-toplevel [7ms]
2026-06-09 21:28:03.803 [info] > git rev-parse --show-toplevel [8ms]
2026-06-09 21:28:07.743 [info] > git rev-parse --show-toplevel [11ms]
2026-06-09 21:28:08.726 [info] > git rev-parse --show-toplevel [9ms]
2026-06-09 21:28:12.572 [info] > git rev-parse --show-toplevel [9ms]
2026-06-09 21:28:14.313 [info] > git rev-parse --show-toplevel [7ms]
2026-06-09 21:28:19.265 [info] > git rev-parse --show-toplevel [7ms]
2026-06-09 21:28:20.155 [info] > git rev-parse --show-toplevel [9ms]
2026-06-09 21:28:21.822 [info] > git rev-parse --show-toplevel [7ms]
2026-06-09 21:28:49.342 [info] > git rev-parse --show-toplevel [11ms]
2026-06-09 21:29:23.826 [info] > git rev-parse --show-toplevel [8ms]
2026-06-09 21:29:25.647 [info] > git rev-parse --show-toplevel [6ms]
2026-06-09 21:29:28.117 [info] > git rev-parse --show-toplevel [6ms]
2026-06-09 21:29:30.071 [info] > git rev-parse --show-toplevel [9ms]
2026-06-09 21:29:32.716 [info] > git rev-parse --show-toplevel [7ms]
2026-06-09 21:29:37.302 [info] > git rev-parse --show-toplevel [8ms]
2026-06-09 21:29:50.908 [info] > git rev-parse --show-toplevel [22ms]
2026-06-09 21:30:45.568 [info] > git rev-parse --show-toplevel [10ms]
2026-06-09 21:31:01.721 [info] > git rev-parse --show-toplevel [8ms]
2026-06-09 21:31:03.774 [info] > git rev-parse --show-toplevel [9ms]
2026-06-09 21:31:08.706 [info] > git rev-parse --show-toplevel [11ms]
2026-06-09 21:31:15.207 [info] > git rev-parse --show-toplevel [6ms]
2026-06-09 21:31:19.546 [info] > git rev-parse --show-toplevel [6ms]
2026-06-09 21:31:25.098 [info] > git rev-parse --show-toplevel [8ms]
2026-06-09 21:31:49.681 [info] > git rev-parse --show-toplevel [9ms]
2026-06-09 21:32:10.248 [info] > git rev-parse --show-toplevel [7ms]
2026-06-09 21:32:13.159 [info] > git rev-parse --show-toplevel [7ms]
2026-06-09 21:32:14.814 [info] > git rev-parse --show-toplevel [9ms]
2026-06-09 21:32:16.156 [info] > git rev-parse --show-toplevel [6ms]
2026-06-09 21:32:23.963 [info] > git rev-parse --show-toplevel [7ms]
2026-06-09 21:32:28.023 [info] > git rev-parse --show-toplevel [9ms]
2026-06-09 21:32:29.071 [info] > git rev-parse --show-toplevel [7ms]
2026-06-09 21:32:31.160 [info] > git rev-parse --show-toplevel [6ms]
2026-06-09 21:32:35.393 [info] > git rev-parse --show-toplevel [7ms]
2026-06-09 21:32:40.173 [info] > git rev-parse --show-toplevel [7ms]
2026-06-09 21:32:44.698 [info] > git rev-parse --show-toplevel [8ms]
2026-06-09 21:32:58.230 [info] > git rev-parse --show-toplevel [7ms]
2026-06-09 21:33:18.408 [info] > git rev-parse --show-toplevel [11ms]
2026-06-09 21:33:25.796 [info] > git rev-parse --show-toplevel [8ms]
2026-06-09 21:33:58.262 [info] > git rev-parse --show-toplevel [9ms]
2026-06-09 21:34:09.346 [info] > git rev-parse --show-toplevel [9ms]
2026-06-09 21:34:32.355 [info] > git rev-parse --show-toplevel [8ms]
2026-06-09 21:34:59.007 [info] > git rev-parse --show-toplevel [8ms]
2026-06-09 21:35:00.524 [info] > git rev-parse --show-toplevel [6ms]
2026-06-09 21:35:01.759 [info] > git rev-parse --show-toplevel [6ms]
2026-06-09 21:35:16.697 [info] > git rev-parse --show-toplevel [11ms]
2026-06-09 21:35:28.696 [info] > git rev-parse --show-toplevel [8ms]
2026-06-09 21:35:37.926 [info] > git rev-parse --show-toplevel [9ms]
2026-06-09 21:35:58.312 [info] > git rev-parse --show-toplevel [10ms]
2026-06-09 21:36:07.692 [info] > git rev-parse --show-toplevel [11ms]
2026-06-09 21:36:09.045 [info] > git rev-parse --show-toplevel [8ms]
2026-06-09 21:36:14.155 [info] > git rev-parse --show-toplevel [8ms]
2026-06-09 21:36:18.610 [info] > git rev-parse --show-toplevel [7ms]
2026-06-09 21:36:28.780 [info] > git rev-parse --show-toplevel [10ms]
2026-06-09 21:37:31.237 [info] > git rev-parse --show-toplevel [11ms]
2026-06-09 21:37:39.412 [info] > git rev-parse --show-toplevel [6ms]
2026-06-09 21:37:40.915 [info] > git rev-parse --show-toplevel [9ms]
2026-06-09 21:40:53.624 [info] > git rev-parse --show-toplevel [57ms]
2026-06-09 21:41:03.283 [info] > git rev-parse --show-toplevel [7ms]
2026-06-09 21:41:07.823 [info] > git rev-parse --show-toplevel [10ms]
2026-06-09 21:41:16.967 [info] > git rev-parse --show-toplevel [7ms]
2026-06-09 21:41:24.355 [info] > git rev-parse --show-toplevel [10ms]
2026-06-09 21:42:54.896 [info] > git rev-parse --show-toplevel [6ms]
2026-06-09 21:42:59.607 [info] > git rev-parse --show-toplevel [9ms]
2026-06-09 21:43:00.492 [info] > git rev-parse --show-toplevel [7ms]
2026-06-09 21:43:02.532 [info] > git rev-parse --show-toplevel [7ms]
2026-06-09 21:43:10.045 [info] > git rev-parse --show-toplevel [8ms]
2026-06-09 21:43:39.567 [info] > git rev-parse --show-toplevel [16ms]
2026-06-09 21:43:56.976 [info] > git rev-parse --show-toplevel [8ms]
2026-06-09 21:44:08.890 [info] > git rev-parse --show-toplevel [13ms]
2026-06-09 21:44:11.002 [info] > git rev-parse --show-toplevel [7ms]
2026-06-09 21:44:15.211 [info] > git rev-parse --show-toplevel [6ms]
2026-06-09 21:44:17.274 [info] > git rev-parse --show-toplevel [13ms]
2026-06-09 21:44:19.823 [info] > git rev-parse --show-toplevel [9ms]
2026-06-09 21:44:20.661 [info] > git rev-parse --show-toplevel [8ms]
2026-06-09 21:44:25.957 [info] > git rev-parse --show-toplevel [7ms]
2026-06-09 21:44:26.752 [info] > git rev-parse --show-toplevel [9ms]
2026-06-09 21:44:44.036 [info] > git rev-parse --show-toplevel [11ms]
2026-06-09 21:44:46.631 [info] > git rev-parse --show-toplevel [14ms]
2026-06-09 21:44:58.790 [info] > git rev-parse --show-toplevel [9ms]
2026-06-09 21:45:00.423 [info] > git rev-parse --show-toplevel [8ms]
2026-06-09 21:45:05.912 [info] > git rev-parse --show-toplevel [10ms]
2026-06-09 21:46:41.317 [info] > git rev-parse --show-toplevel [6ms]
2026-06-09 21:47:00.567 [info] > git rev-parse --show-toplevel [7ms]
2026-06-09 21:47:02.589 [info] > git rev-parse --show-toplevel [7ms]
2026-06-09 21:47:30.421 [info] > git rev-parse --show-toplevel [7ms]
2026-06-09 21:47:32.652 [info] > git rev-parse --show-toplevel [7ms]
2026-06-09 21:47:51.271 [info] > git rev-parse --show-toplevel [11ms]
2026-06-09 21:47:54.770 [info] > git rev-parse --show-toplevel [8ms]
2026-06-09 21:47:59.851 [info] > git rev-parse --show-toplevel [14ms]
