2026-06-09 21:08:51.090 [info] Reading sessions from keychain...
2026-06-09 21:08:51.641 [info] Getting sessions for all scopes...
2026-06-09 21:08:53.836 [info] Got stored sessions!
2026-06-09 21:08:53.836 [info] Got 2 verified sessions.
2026-06-09 21:08:53.837 [info] Got 2 sessions for ...
2026-06-09 21:08:53.837 [info] Getting sessions for all scopes...
2026-06-09 21:08:53.837 [info] Got 2 sessions for ...
2026-06-09 21:08:53.838 [info] Getting sessions for all scopes...
2026-06-09 21:08:53.838 [info] Got 2 sessions for ...
2026-06-09 21:08:53.839 [info] Getting sessions for user:email...
2026-06-09 21:08:53.839 [info] Got 1 sessions for user:email...
2026-06-09 21:08:53.856 [info] Getting sessions for all scopes...
2026-06-09 21:08:53.856 [info] Got 2 sessions for ...
2026-06-09 21:09:07.904 [info] FetcherService: Node fetch failed with status: 429 Too Many Requests
2026-06-09 21:09:07.915 [info] Unable to resolve optional EDU details. Status: 429 Too Many Requests
2026-06-09 21:09:37.082 [info] Reading sessions from keychain...
2026-06-09 21:09:37.474 [info] Getting sessions for all scopes...
2026-06-09 21:09:37.733 [info] Got stored sessions!
2026-06-09 21:09:37.734 [info] Got 2 verified sessions.
2026-06-09 21:09:37.741 [info] Got 2 sessions for ...
2026-06-09 21:09:37.751 [info] Getting sessions for all scopes...
2026-06-09 21:09:37.753 [info] Got 2 sessions for ...
2026-06-09 21:09:38.160 [info] Getting sessions for all scopes...
2026-06-09 21:09:38.163 [info] Got 2 sessions for ...
2026-06-09 21:09:43.795 [info] Getting sessions for user:email...
2026-06-09 21:09:43.796 [info] Got 1 sessions for user:email...
2026-06-09 21:09:44.935 [info] FetcherService: Node fetch failed with status: 429 Too Many Requests
2026-06-09 21:09:44.954 [info] Unable to resolve optional EDU details. Status: 429 Too Many Requests
2026-06-09 21:09:45.943 [info] Getting sessions for all scopes...
2026-06-09 21:09:45.943 [info] Got 2 sessions for ...
2026-06-09 21:10:13.791 [info] Reading sessions from keychain...
2026-06-09 21:10:13.818 [info] Getting sessions for all scopes...
2026-06-09 21:10:15.064 [info] Got stored sessions!
2026-06-09 21:10:15.065 [info] Got 2 verified sessions.
2026-06-09 21:10:15.065 [info] Got 2 sessions for ...
2026-06-09 21:10:15.066 [info] Getting sessions for all scopes...
2026-06-09 21:10:15.066 [info] Got 2 sessions for ...
2026-06-09 21:10:15.511 [info] Getting sessions for all scopes...
2026-06-09 21:10:15.512 [info] Got 2 sessions for ...
2026-06-09 21:10:21.078 [info] FetcherService: Node fetch failed with status: 429 Too Many Requests
2026-06-09 21:10:21.106 [info] Unable to resolve optional EDU details. Status: 429 Too Many Requests
2026-06-09 21:10:33.846 [info] Getting sessions for user:email...
2026-06-09 21:10:33.847 [info] Got 1 sessions for user:email...
2026-06-09 21:12:07.650 [info] Getting sessions for all scopes...
2026-06-09 21:12:07.650 [info] Got 2 sessions for ...
2026-06-09 21:12:07.666 [info] Getting sessions for all scopes...
2026-06-09 21:12:07.666 [info] Got 2 sessions for ...
2026-06-09 21:12:08.126 [info] Getting sessions for all scopes...
2026-06-09 21:12:08.126 [info] Got 2 sessions for ...
2026-06-09 21:12:23.890 [info] Getting sessions for all scopes...
2026-06-09 21:12:23.891 [info] Got 2 sessions for ...
2026-06-09 21:12:23.892 [info] Getting sessions for all scopes...
2026-06-09 21:12:23.892 [info] Got 2 sessions for ...
2026-06-09 21:12:24.872 [info] Getting sessions for read:user,repo,user:email,workflow...
2026-06-09 21:12:24.872 [info] Got 1 sessions for read:user,repo,user:email,workflow...
2026-06-09 21:12:32.343 [info] Getting sessions for all scopes...
2026-06-09 21:12:32.343 [info] Got 2 sessions for ...
2026-06-09 21:12:32.344 [info] Getting sessions for all scopes...
2026-06-09 21:12:32.344 [info] Got 2 sessions for ...
2026-06-09 21:12:32.345 [info] Getting sessions for all scopes...
2026-06-09 21:12:32.345 [info] Got 2 sessions for ...
2026-06-09 21:12:38.120 [info] Getting sessions for user:email...
2026-06-09 21:12:38.121 [info] Got 1 sessions for user:email...
2026-06-09 21:12:38.552 [info] Getting sessions for read:user,repo,user:email,workflow...
2026-06-09 21:12:38.552 [info] Got 1 sessions for read:user,repo,user:email,workflow...
2026-06-09 21:12:39.796 [info] Getting sessions for all scopes...
2026-06-09 21:12:39.796 [info] Got 2 sessions for ...
2026-06-09 21:12:39.798 [info] Getting sessions for all scopes...
2026-06-09 21:12:39.798 [info] Got 2 sessions for ...
2026-06-09 21:12:40.051 [info] Getting sessions for read:user,repo,user:email,workflow...
2026-06-09 21:12:40.051 [info] Got 1 sessions for read:user,repo,user:email,workflow...
2026-06-09 21:12:41.727 [info] Getting sessions for all scopes...
2026-06-09 21:12:41.728 [info] Got 2 sessions for ...
2026-06-09 21:12:41.740 [info] Getting sessions for all scopes...
2026-06-09 21:12:41.741 [info] Got 2 sessions for ...
2026-06-09 21:12:41.744 [info] Getting sessions for all scopes...
2026-06-09 21:12:41.744 [info] Got 2 sessions for ...
2026-06-09 21:12:42.049 [info] Getting sessions for all scopes...
2026-06-09 21:12:42.049 [info] Got 2 sessions for ...
2026-06-09 21:12:42.395 [info] Getting sessions for read:user,repo,user:email,workflow...
2026-06-09 21:12:42.414 [info] Got 1 sessions for read:user,repo,user:email,workflow...
2026-06-09 21:12:44.894 [info] Getting sessions for all scopes...
2026-06-09 21:12:44.894 [info] Got 2 sessions for ...
2026-06-09 21:12:44.903 [info] Getting sessions for read:user,repo,user:email,workflow...
2026-06-09 21:12:44.903 [info] Got 1 sessions for read:user,repo,user:email,workflow...
2026-06-09 21:14:16.955 [info] Getting sessions for all scopes...
2026-06-09 21:14:16.956 [info] Got 2 sessions for ...
2026-06-09 21:14:17.000 [info] Getting sessions for all scopes...
2026-06-09 21:14:17.001 [info] Got 2 sessions for ...
2026-06-09 21:14:22.763 [info] Getting sessions for all scopes...
2026-06-09 21:14:22.763 [info] Got 2 sessions for ...
2026-06-09 21:14:22.829 [info] Getting sessions for all scopes...
2026-06-09 21:14:22.829 [info] Got 2 sessions for ...
2026-06-09 21:14:51.054 [info] Getting sessions for all scopes...
2026-06-09 21:14:51.054 [info] Got 2 sessions for ...
2026-06-09 21:14:51.069 [info] Getting sessions for all scopes...
2026-06-09 21:14:51.070 [info] Got 2 sessions for ...
2026-06-09 21:20:50.767 [info] Getting sessions for all scopes...
2026-06-09 21:20:50.862 [info] Got 2 sessions for ...
2026-06-09 21:20:51.012 [info] Getting sessions for all scopes...
2026-06-09 21:20:51.012 [info] Got 2 sessions for ...
2026-06-09 21:20:52.733 [info] Getting sessions for all scopes...
2026-06-09 21:20:52.734 [info] Got 2 sessions for ...
2026-06-09 21:20:53.062 [info] Getting sessions for all scopes...
2026-06-09 21:20:53.062 [info] Got 2 sessions for ...
2026-06-09 21:20:58.385 [info] Getting sessions for all scopes...
2026-06-09 21:20:58.385 [info] Got 2 sessions for ...
2026-06-09 21:20:58.391 [info] Getting sessions for all scopes...
2026-06-09 21:20:58.391 [info] Got 2 sessions for ...
2026-06-09 21:22:17.217 [info] Getting sessions for all scopes...
2026-06-09 21:22:17.217 [info] Got 2 sessions for ...
2026-06-09 21:22:17.237 [info] Getting sessions for all scopes...
2026-06-09 21:22:17.238 [info] Got 2 sessions for ...
2026-06-09 21:22:20.804 [info] Getting sessions for all scopes...
2026-06-09 21:22:20.804 [info] Got 2 sessions for ...
2026-06-09 21:22:20.816 [info] Getting sessions for all scopes...
2026-06-09 21:22:20.817 [info] Got 2 sessions for ...
2026-06-09 21:37:03.793 [info] Getting sessions for all scopes...
2026-06-09 21:37:03.794 [info] Got 2 sessions for ...
2026-06-09 21:37:03.805 [info] Getting sessions for all scopes...
2026-06-09 21:37:03.805 [info] Got 2 sessions for ...
2026-06-09 21:37:23.366 [info] Getting sessions for all scopes...
2026-06-09 21:37:23.366 [info] Got 2 sessions for ...
2026-06-09 21:37:23.377 [info] Getting sessions for all scopes...
2026-06-09 21:37:23.377 [info] Got 2 sessions for ...
2026-06-09 21:38:13.021 [info] Getting sessions for all scopes...
2026-06-09 21:38:13.101 [info] Got 2 sessions for ...
2026-06-09 21:38:13.107 [info] Getting sessions for all scopes...
2026-06-09 21:38:13.107 [info] Got 2 sessions for ...
2026-06-09 21:40:13.647 [info] Getting sessions for all scopes...
2026-06-09 21:40:13.751 [info] Got 2 sessions for ...
2026-06-09 21:40:13.818 [info] Getting sessions for all scopes...
2026-06-09 21:40:13.819 [info] Got 2 sessions for ...
2026-06-09 21:40:48.001 [info] Getting sessions for all scopes...
2026-06-09 21:40:48.060 [info] Got 2 sessions for ...
2026-06-09 21:40:48.062 [info] Getting sessions for all scopes...
2026-06-09 21:40:48.062 [info] Got 2 sessions for ...
2026-06-09 21:41:12.012 [info] Getting sessions for all scopes...
2026-06-09 21:41:12.012 [info] Got 2 sessions for ...
2026-06-09 21:41:12.033 [info] Getting sessions for all scopes...
2026-06-09 21:41:12.033 [info] Got 2 sessions for ...
2026-06-09 21:42:46.213 [info] Getting sessions for all scopes...
2026-06-09 21:42:46.214 [info] Got 2 sessions for ...
2026-06-09 21:42:46.216 [info] Getting sessions for all scopes...
2026-06-09 21:42:46.216 [info] Got 2 sessions for ...
