[INFO 8:59:37 PM] miguelsolorio.symbols activated
[INFO 8:59:37 PM] 🤖 symbols.defaultAssociations changed, updating to true
[INFO 8:59:37 PM] 🤖 symbols.hidesExplorerArrows changed, updating to false
[INFO 8:59:37 PM] 🤖 symbols.folders.associations changed, updating to undefined
[INFO 8:59:37 PM] 🤖 symbols.hidesLogoIcons changed, updating to undefined
[INFO 8:59:37 PM] 🤖 symbols.rootFolders.associations changed, updating to undefined
[INFO 8:59:37 PM] 🤖 symbols.files.associations changed, updating to undefined
[INFO 8:59:37 PM] 🤖 symbols.subfolder.file.associations changed, updating to undefined
[INFO 8:59:37 PM] 🤖 symbols.defaultAssociations changed, updating to true
[INFO 8:59:37 PM] 🤖 symbols.hidesExplorerArrows changed, updating to false
[INFO 8:59:37 PM] 🤖 symbols.folders.associations changed, updating to undefined
[INFO 8:59:37 PM] 🤖 symbols.hidesLogoIcons changed, updating to undefined
[INFO 8:59:37 PM] 🤖 symbols.rootFolders.associations changed, updating to undefined
[INFO 8:59:37 PM] 🤖 symbols.files.associations changed, updating to undefined
[INFO 8:59:37 PM] 🤖 symbols.subfolder.file.associations changed, updating to undefined
[INFO 8:59:37 PM] 🤖 symbols.defaultAssociations changed, updating to true
[INFO 8:59:37 PM] 🤖 symbols.hidesExplorerArrows changed, updating to false
[INFO 8:59:37 PM] 🤖 symbols.folders.associations changed, updating to undefined
[INFO 8:59:37 PM] 🤖 symbols.hidesLogoIcons changed, updating to undefined
[INFO 8:59:37 PM] 🤖 symbols.rootFolders.associations changed, updating to undefined
[INFO 8:59:37 PM] 🤖 symbols.files.associations changed, updating to undefined
[INFO 8:59:37 PM] 🤖 symbols.subfolder.file.associations changed, updating to undefined
[INFO 8:59:37 PM] 🤖 symbols.defaultAssociations changed, updating to true
[INFO 8:59:37 PM] 🤖 symbols.hidesExplorerArrows changed, updating to false
[INFO 8:59:37 PM] 🤖 symbols.folders.associations changed, updating to undefined
[INFO 8:59:37 PM] 🤖 symbols.hidesLogoIcons changed, updating to undefined
[INFO 8:59:37 PM] 🤖 symbols.rootFolders.associations changed, updating to undefined
[INFO 8:59:37 PM] 🤖 symbols.files.associations changed, updating to undefined
[INFO 8:59:37 PM] 🤖 symbols.subfolder.file.associations changed, updating to undefined
[INFO 8:59:41 PM] 🤖 symbols.defaultAssociations changed, updating to true
[INFO 8:59:41 PM] 🤖 symbols.hidesExplorerArrows changed, updating to false
[INFO 8:59:41 PM] 🤖 symbols.folders.associations changed, updating to undefined
[INFO 8:59:41 PM] 🤖 symbols.hidesLogoIcons changed, updating to undefined
[INFO 8:59:41 PM] 🤖 symbols.rootFolders.associations changed, updating to undefined
[INFO 8:59:41 PM] 🤖 symbols.files.associations changed, updating to undefined
[INFO 8:59:41 PM] 🤖 symbols.subfolder.file.associations changed, updating to undefined
[INFO 8:59:43 PM] 🤖 symbols.defaultAssociations changed, updating to true
[INFO 8:59:43 PM] 🤖 symbols.hidesExplorerArrows changed, updating to false
[INFO 8:59:43 PM] 🤖 symbols.folders.associations changed, updating to undefined
[INFO 8:59:43 PM] 🤖 symbols.hidesLogoIcons changed, updating to undefined
[INFO 8:59:43 PM] 🤖 symbols.rootFolders.associations changed, updating to undefined
[INFO 8:59:43 PM] 🤖 symbols.files.associations changed, updating to undefined
[INFO 8:59:43 PM] 🤖 symbols.subfolder.file.associations changed, updating to undefined
[INFO 8:59:43 PM] 🤖 symbols.defaultAssociations changed, updating to true
[INFO 8:59:43 PM] 🤖 symbols.hidesExplorerArrows changed, updating to false
[INFO 8:59:43 PM] 🤖 symbols.folders.associations changed, updating to undefined
[INFO 8:59:43 PM] 🤖 symbols.hidesLogoIcons changed, updating to undefined
[INFO 8:59:43 PM] 🤖 symbols.rootFolders.associations changed, updating to undefined
[INFO 8:59:43 PM] 🤖 symbols.files.associations changed, updating to undefined
[INFO 8:59:43 PM] 🤖 symbols.subfolder.file.associations changed, updating to undefined
