[INFO 8:06:50 PM] miguelsolorio.symbols activated
[INFO 8:06:50 PM] 🤖 symbols.defaultAssociations changed, updating to true
[INFO 8:06:50 PM] 🤖 symbols.hidesExplorerArrows changed, updating to false
[INFO 8:06:50 PM] 🤖 symbols.folders.associations changed, updating to undefined
[INFO 8:06:50 PM] 🤖 symbols.hidesLogoIcons changed, updating to undefined
[INFO 8:06:50 PM] 🤖 symbols.rootFolders.associations changed, updating to undefined
[INFO 8:06:50 PM] 🤖 symbols.files.associations changed, updating to undefined
[INFO 8:06:50 PM] 🤖 symbols.subfolder.file.associations changed, updating to undefined
[INFO 8:06:50 PM] 🤖 symbols.defaultAssociations changed, updating to true
[INFO 8:06:50 PM] 🤖 symbols.hidesExplorerArrows changed, updating to false
[INFO 8:06:50 PM] 🤖 symbols.folders.associations changed, updating to undefined
[INFO 8:06:50 PM] 🤖 symbols.hidesLogoIcons changed, updating to undefined
[INFO 8:06:50 PM] 🤖 symbols.rootFolders.associations changed, updating to undefined
[INFO 8:06:50 PM] 🤖 symbols.files.associations changed, updating to undefined
[INFO 8:06:50 PM] 🤖 symbols.subfolder.file.associations changed, updating to undefined
[INFO 8:06:50 PM] 🤖 symbols.defaultAssociations changed, updating to true
[INFO 8:06:50 PM] 🤖 symbols.hidesExplorerArrows changed, updating to false
[INFO 8:06:50 PM] 🤖 symbols.folders.associations changed, updating to undefined
[INFO 8:06:50 PM] 🤖 symbols.hidesLogoIcons changed, updating to undefined
[INFO 8:06:50 PM] 🤖 symbols.rootFolders.associations changed, updating to undefined
[INFO 8:06:50 PM] 🤖 symbols.files.associations changed, updating to undefined
[INFO 8:06:50 PM] 🤖 symbols.subfolder.file.associations changed, updating to undefined
[INFO 8:06:50 PM] 🤖 symbols.defaultAssociations changed, updating to true
[INFO 8:06:50 PM] 🤖 symbols.hidesExplorerArrows changed, updating to false
[INFO 8:06:50 PM] 🤖 symbols.folders.associations changed, updating to undefined
[INFO 8:06:50 PM] 🤖 symbols.hidesLogoIcons changed, updating to undefined
[INFO 8:06:50 PM] 🤖 symbols.rootFolders.associations changed, updating to undefined
[INFO 8:06:50 PM] 🤖 symbols.files.associations changed, updating to undefined
[INFO 8:06:50 PM] 🤖 symbols.subfolder.file.associations changed, updating to undefined
[INFO 8:07:01 PM] 🤖 symbols.defaultAssociations changed, updating to true
[INFO 8:07:01 PM] 🤖 symbols.hidesExplorerArrows changed, updating to false
[INFO 8:07:01 PM] 🤖 symbols.folders.associations changed, updating to undefined
[INFO 8:07:01 PM] 🤖 symbols.hidesLogoIcons changed, updating to undefined
[INFO 8:07:01 PM] 🤖 symbols.rootFolders.associations changed, updating to undefined
[INFO 8:07:01 PM] 🤖 symbols.files.associations changed, updating to undefined
[INFO 8:07:01 PM] 🤖 symbols.subfolder.file.associations changed, updating to undefined
[INFO 8:13:11 PM] 🤖 symbols.defaultAssociations changed, updating to true
[INFO 8:13:11 PM] 🤖 symbols.hidesExplorerArrows changed, updating to false
[INFO 8:13:11 PM] 🤖 symbols.folders.associations changed, updating to undefined
[INFO 8:13:11 PM] 🤖 symbols.hidesLogoIcons changed, updating to undefined
[INFO 8:13:11 PM] 🤖 symbols.rootFolders.associations changed, updating to undefined
[INFO 8:13:11 PM] 🤖 symbols.files.associations changed, updating to undefined
[INFO 8:13:11 PM] 🤖 symbols.subfolder.file.associations changed, updating to undefined
