["INFO" - 9:10:17 PM] Extension Name: esbenp.prettier-vscode.
["INFO" - 9:10:17 PM] Extension Version: 12.4.0.
["INFO" - 9:12:44 PM] EditorConfig support is enabled, checking for .editorconfig files
["INFO" - 9:12:44 PM] No local configuration (i.e. .prettierrc or .editorconfig) detected, will fall back to VS Code configuration
["INFO" - 9:12:47 PM] EditorConfig support is enabled, checking for .editorconfig files
["INFO" - 9:12:47 PM] No local configuration (i.e. .prettierrc or .editorconfig) detected, will fall back to VS Code configuration
["INFO" - 9:15:15 PM] EditorConfig support is enabled, checking for .editorconfig files
["INFO" - 9:15:15 PM] No local configuration (i.e. .prettierrc or .editorconfig) detected, will fall back to VS Code configuration
["INFO" - 9:15:32 PM] EditorConfig support is enabled, checking for .editorconfig files
["INFO" - 9:15:32 PM] No local configuration (i.e. .prettierrc or .editorconfig) detected, will fall back to VS Code configuration
["INFO" - 9:16:48 PM] EditorConfig support is enabled, checking for .editorconfig files
["INFO" - 9:16:48 PM] No local configuration (i.e. .prettierrc or .editorconfig) detected, will fall back to VS Code configuration
["INFO" - 9:16:49 PM] EditorConfig support is enabled, checking for .editorconfig files
["INFO" - 9:16:49 PM] No local configuration (i.e. .prettierrc or .editorconfig) detected, will fall back to VS Code configuration
["INFO" - 9:17:11 PM] EditorConfig support is enabled, checking for .editorconfig files
["INFO" - 9:17:11 PM] No local configuration (i.e. .prettierrc or .editorconfig) detected, will fall back to VS Code configuration
["INFO" - 9:17:20 PM] EditorConfig support is enabled, checking for .editorconfig files
["INFO" - 9:17:20 PM] No local configuration (i.e. .prettierrc or .editorconfig) detected, will fall back to VS Code configuration
["INFO" - 9:17:26 PM] EditorConfig support is enabled, checking for .editorconfig files
["INFO" - 9:17:26 PM] No local configuration (i.e. .prettierrc or .editorconfig) detected, will fall back to VS Code configuration
["INFO" - 9:17:40 PM] EditorConfig support is enabled, checking for .editorconfig files
["INFO" - 9:17:40 PM] No local configuration (i.e. .prettierrc or .editorconfig) detected, will fall back to VS Code configuration
["INFO" - 9:18:26 PM] EditorConfig support is enabled, checking for .editorconfig files
["INFO" - 9:18:26 PM] No local configuration (i.e. .prettierrc or .editorconfig) detected, will fall back to VS Code configuration
["INFO" - 9:18:38 PM] EditorConfig support is enabled, checking for .editorconfig files
["INFO" - 9:18:38 PM] No local configuration (i.e. .prettierrc or .editorconfig) detected, will fall back to VS Code configuration
["INFO" - 9:18:42 PM] EditorConfig support is enabled, checking for .editorconfig files
["INFO" - 9:18:42 PM] No local configuration (i.e. .prettierrc or .editorconfig) detected, will fall back to VS Code configuration
["INFO" - 9:19:16 PM] EditorConfig support is enabled, checking for .editorconfig files
["INFO" - 9:19:16 PM] No local configuration (i.e. .prettierrc or .editorconfig) detected, will fall back to VS Code configuration
["INFO" - 9:19:25 PM] EditorConfig support is enabled, checking for .editorconfig files
["INFO" - 9:19:25 PM] No local configuration (i.e. .prettierrc or .editorconfig) detected, will fall back to VS Code configuration
["INFO" - 9:20:14 PM] EditorConfig support is enabled, checking for .editorconfig files
["INFO" - 9:20:14 PM] No local configuration (i.e. .prettierrc or .editorconfig) detected, will fall back to VS Code configuration
["INFO" - 9:20:33 PM] EditorConfig support is enabled, checking for .editorconfig files
["INFO" - 9:20:33 PM] No local configuration (i.e. .prettierrc or .editorconfig) detected, will fall back to VS Code configuration
["INFO" - 9:26:00 PM] EditorConfig support is enabled, checking for .editorconfig files
["INFO" - 9:26:00 PM] No local configuration (i.e. .prettierrc or .editorconfig) detected, will fall back to VS Code configuration
["INFO" - 9:26:39 PM] EditorConfig support is enabled, checking for .editorconfig files
["INFO" - 9:26:39 PM] No local configuration (i.e. .prettierrc or .editorconfig) detected, will fall back to VS Code configuration
["INFO" - 9:26:46 PM] EditorConfig support is enabled, checking for .editorconfig files
["INFO" - 9:26:46 PM] No local configuration (i.e. .prettierrc or .editorconfig) detected, will fall back to VS Code configuration
["INFO" - 9:26:48 PM] EditorConfig support is enabled, checking for .editorconfig files
["INFO" - 9:26:48 PM] No local configuration (i.e. .prettierrc or .editorconfig) detected, will fall back to VS Code configuration
["INFO" - 9:26:53 PM] EditorConfig support is enabled, checking for .editorconfig files
["INFO" - 9:26:53 PM] No local configuration (i.e. .prettierrc or .editorconfig) detected, will fall back to VS Code configuration
["INFO" - 9:26:55 PM] EditorConfig support is enabled, checking for .editorconfig files
["INFO" - 9:26:55 PM] No local configuration (i.e. .prettierrc or .editorconfig) detected, will fall back to VS Code configuration
["INFO" - 9:26:56 PM] EditorConfig support is enabled, checking for .editorconfig files
["INFO" - 9:26:56 PM] No local configuration (i.e. .prettierrc or .editorconfig) detected, will fall back to VS Code configuration
["INFO" - 9:27:06 PM] EditorConfig support is enabled, checking for .editorconfig files
["INFO" - 9:27:06 PM] No local configuration (i.e. .prettierrc or .editorconfig) detected, will fall back to VS Code configuration
["INFO" - 9:27:09 PM] EditorConfig support is enabled, checking for .editorconfig files
["INFO" - 9:27:09 PM] No local configuration (i.e. .prettierrc or .editorconfig) detected, will fall back to VS Code configuration
["INFO" - 9:27:19 PM] EditorConfig support is enabled, checking for .editorconfig files
["INFO" - 9:27:19 PM] No local configuration (i.e. .prettierrc or .editorconfig) detected, will fall back to VS Code configuration
["INFO" - 9:27:53 PM] EditorConfig support is enabled, checking for .editorconfig files
["INFO" - 9:27:53 PM] No local configuration (i.e. .prettierrc or .editorconfig) detected, will fall back to VS Code configuration
["INFO" - 9:27:58 PM] EditorConfig support is enabled, checking for .editorconfig files
["INFO" - 9:27:58 PM] No local configuration (i.e. .prettierrc or .editorconfig) detected, will fall back to VS Code configuration
["INFO" - 9:28:03 PM] EditorConfig support is enabled, checking for .editorconfig files
["INFO" - 9:28:03 PM] No local configuration (i.e. .prettierrc or .editorconfig) detected, will fall back to VS Code configuration
["INFO" - 9:28:07 PM] EditorConfig support is enabled, checking for .editorconfig files
["INFO" - 9:28:07 PM] No local configuration (i.e. .prettierrc or .editorconfig) detected, will fall back to VS Code configuration
["INFO" - 9:28:08 PM] EditorConfig support is enabled, checking for .editorconfig files
["INFO" - 9:28:08 PM] No local configuration (i.e. .prettierrc or .editorconfig) detected, will fall back to VS Code configuration
["INFO" - 9:28:12 PM] EditorConfig support is enabled, checking for .editorconfig files
["INFO" - 9:28:12 PM] No local configuration (i.e. .prettierrc or .editorconfig) detected, will fall back to VS Code configuration
["INFO" - 9:28:14 PM] EditorConfig support is enabled, checking for .editorconfig files
["INFO" - 9:28:14 PM] No local configuration (i.e. .prettierrc or .editorconfig) detected, will fall back to VS Code configuration
["INFO" - 9:28:19 PM] EditorConfig support is enabled, checking for .editorconfig files
["INFO" - 9:28:19 PM] No local configuration (i.e. .prettierrc or .editorconfig) detected, will fall back to VS Code configuration
["INFO" - 9:28:20 PM] EditorConfig support is enabled, checking for .editorconfig files
["INFO" - 9:28:20 PM] No local configuration (i.e. .prettierrc or .editorconfig) detected, will fall back to VS Code configuration
["INFO" - 9:28:21 PM] EditorConfig support is enabled, checking for .editorconfig files
["INFO" - 9:28:21 PM] No local configuration (i.e. .prettierrc or .editorconfig) detected, will fall back to VS Code configuration
["INFO" - 9:28:49 PM] EditorConfig support is enabled, checking for .editorconfig files
["INFO" - 9:28:49 PM] No local configuration (i.e. .prettierrc or .editorconfig) detected, will fall back to VS Code configuration
["INFO" - 9:29:23 PM] EditorConfig support is enabled, checking for .editorconfig files
["INFO" - 9:29:23 PM] No local configuration (i.e. .prettierrc or .editorconfig) detected, will fall back to VS Code configuration
["INFO" - 9:29:25 PM] EditorConfig support is enabled, checking for .editorconfig files
["INFO" - 9:29:25 PM] No local configuration (i.e. .prettierrc or .editorconfig) detected, will fall back to VS Code configuration
["INFO" - 9:29:28 PM] EditorConfig support is enabled, checking for .editorconfig files
["INFO" - 9:29:28 PM] No local configuration (i.e. .prettierrc or .editorconfig) detected, will fall back to VS Code configuration
["INFO" - 9:29:30 PM] EditorConfig support is enabled, checking for .editorconfig files
["INFO" - 9:29:30 PM] No local configuration (i.e. .prettierrc or .editorconfig) detected, will fall back to VS Code configuration
["INFO" - 9:29:32 PM] EditorConfig support is enabled, checking for .editorconfig files
["INFO" - 9:29:32 PM] No local configuration (i.e. .prettierrc or .editorconfig) detected, will fall back to VS Code configuration
["INFO" - 9:29:37 PM] EditorConfig support is enabled, checking for .editorconfig files
["INFO" - 9:29:37 PM] No local configuration (i.e. .prettierrc or .editorconfig) detected, will fall back to VS Code configuration
["INFO" - 9:29:51 PM] EditorConfig support is enabled, checking for .editorconfig files
["INFO" - 9:29:51 PM] No local configuration (i.e. .prettierrc or .editorconfig) detected, will fall back to VS Code configuration
["INFO" - 9:30:45 PM] EditorConfig support is enabled, checking for .editorconfig files
["INFO" - 9:30:45 PM] No local configuration (i.e. .prettierrc or .editorconfig) detected, will fall back to VS Code configuration
["INFO" - 9:31:01 PM] EditorConfig support is enabled, checking for .editorconfig files
["INFO" - 9:31:01 PM] No local configuration (i.e. .prettierrc or .editorconfig) detected, will fall back to VS Code configuration
["INFO" - 9:31:03 PM] EditorConfig support is enabled, checking for .editorconfig files
["INFO" - 9:31:03 PM] No local configuration (i.e. .prettierrc or .editorconfig) detected, will fall back to VS Code configuration
["INFO" - 9:31:08 PM] EditorConfig support is enabled, checking for .editorconfig files
["INFO" - 9:31:08 PM] No local configuration (i.e. .prettierrc or .editorconfig) detected, will fall back to VS Code configuration
["INFO" - 9:31:15 PM] EditorConfig support is enabled, checking for .editorconfig files
["INFO" - 9:31:15 PM] No local configuration (i.e. .prettierrc or .editorconfig) detected, will fall back to VS Code configuration
["INFO" - 9:31:19 PM] EditorConfig support is enabled, checking for .editorconfig files
["INFO" - 9:31:19 PM] No local configuration (i.e. .prettierrc or .editorconfig) detected, will fall back to VS Code configuration
["INFO" - 9:31:25 PM] EditorConfig support is enabled, checking for .editorconfig files
["INFO" - 9:31:25 PM] No local configuration (i.e. .prettierrc or .editorconfig) detected, will fall back to VS Code configuration
["INFO" - 9:31:49 PM] EditorConfig support is enabled, checking for .editorconfig files
["INFO" - 9:31:49 PM] No local configuration (i.e. .prettierrc or .editorconfig) detected, will fall back to VS Code configuration
["INFO" - 9:32:10 PM] EditorConfig support is enabled, checking for .editorconfig files
["INFO" - 9:32:10 PM] No local configuration (i.e. .prettierrc or .editorconfig) detected, will fall back to VS Code configuration
["INFO" - 9:32:13 PM] EditorConfig support is enabled, checking for .editorconfig files
["INFO" - 9:32:13 PM] No local configuration (i.e. .prettierrc or .editorconfig) detected, will fall back to VS Code configuration
["INFO" - 9:32:14 PM] EditorConfig support is enabled, checking for .editorconfig files
["INFO" - 9:32:14 PM] No local configuration (i.e. .prettierrc or .editorconfig) detected, will fall back to VS Code configuration
["INFO" - 9:32:16 PM] EditorConfig support is enabled, checking for .editorconfig files
["INFO" - 9:32:16 PM] No local configuration (i.e. .prettierrc or .editorconfig) detected, will fall back to VS Code configuration
["INFO" - 9:32:24 PM] EditorConfig support is enabled, checking for .editorconfig files
["INFO" - 9:32:24 PM] No local configuration (i.e. .prettierrc or .editorconfig) detected, will fall back to VS Code configuration
["INFO" - 9:32:28 PM] EditorConfig support is enabled, checking for .editorconfig files
["INFO" - 9:32:28 PM] No local configuration (i.e. .prettierrc or .editorconfig) detected, will fall back to VS Code configuration
["INFO" - 9:32:29 PM] EditorConfig support is enabled, checking for .editorconfig files
["INFO" - 9:32:29 PM] No local configuration (i.e. .prettierrc or .editorconfig) detected, will fall back to VS Code configuration
["INFO" - 9:32:31 PM] EditorConfig support is enabled, checking for .editorconfig files
["INFO" - 9:32:31 PM] No local configuration (i.e. .prettierrc or .editorconfig) detected, will fall back to VS Code configuration
["INFO" - 9:32:35 PM] EditorConfig support is enabled, checking for .editorconfig files
["INFO" - 9:32:35 PM] No local configuration (i.e. .prettierrc or .editorconfig) detected, will fall back to VS Code configuration
["INFO" - 9:32:40 PM] EditorConfig support is enabled, checking for .editorconfig files
["INFO" - 9:32:40 PM] No local configuration (i.e. .prettierrc or .editorconfig) detected, will fall back to VS Code configuration
["INFO" - 9:32:44 PM] EditorConfig support is enabled, checking for .editorconfig files
["INFO" - 9:32:44 PM] No local configuration (i.e. .prettierrc or .editorconfig) detected, will fall back to VS Code configuration
["INFO" - 9:32:58 PM] EditorConfig support is enabled, checking for .editorconfig files
["INFO" - 9:32:58 PM] No local configuration (i.e. .prettierrc or .editorconfig) detected, will fall back to VS Code configuration
["INFO" - 9:33:18 PM] EditorConfig support is enabled, checking for .editorconfig files
["INFO" - 9:33:18 PM] No local configuration (i.e. .prettierrc or .editorconfig) detected, will fall back to VS Code configuration
["INFO" - 9:33:25 PM] EditorConfig support is enabled, checking for .editorconfig files
["INFO" - 9:33:25 PM] No local configuration (i.e. .prettierrc or .editorconfig) detected, will fall back to VS Code configuration
["INFO" - 9:33:58 PM] EditorConfig support is enabled, checking for .editorconfig files
["INFO" - 9:33:58 PM] Resolved config:
{
  "useTabs": false,
  "tabWidth": 4
}
["INFO" - 9:33:58 PM] No Prettier config file found, but settings were loaded from .editorconfig
["INFO" - 9:34:09 PM] EditorConfig support is enabled, checking for .editorconfig files
["INFO" - 9:34:09 PM] Resolved config:
{
  "useTabs": false,
  "tabWidth": 4
}
["INFO" - 9:34:09 PM] No Prettier config file found, but settings were loaded from .editorconfig
["INFO" - 9:34:32 PM] EditorConfig support is enabled, checking for .editorconfig files
["INFO" - 9:34:32 PM] Resolved config:
{
  "useTabs": false,
  "tabWidth": 4
}
["INFO" - 9:34:32 PM] No Prettier config file found, but settings were loaded from .editorconfig
["INFO" - 9:34:59 PM] EditorConfig support is enabled, checking for .editorconfig files
["INFO" - 9:34:59 PM] Resolved config:
{
  "useTabs": false,
  "tabWidth": 4
}
["INFO" - 9:34:59 PM] No Prettier config file found, but settings were loaded from .editorconfig
["INFO" - 9:35:00 PM] EditorConfig support is enabled, checking for .editorconfig files
["INFO" - 9:35:00 PM] Resolved config:
{
  "useTabs": false,
  "tabWidth": 4
}
["INFO" - 9:35:00 PM] No Prettier config file found, but settings were loaded from .editorconfig
["INFO" - 9:35:01 PM] EditorConfig support is enabled, checking for .editorconfig files
["INFO" - 9:35:01 PM] Resolved config:
{
  "useTabs": false,
  "tabWidth": 4
}
["INFO" - 9:35:01 PM] No Prettier config file found, but settings were loaded from .editorconfig
["INFO" - 9:35:16 PM] EditorConfig support is enabled, checking for .editorconfig files
["INFO" - 9:35:16 PM] No local configuration (i.e. .prettierrc or .editorconfig) detected, will fall back to VS Code configuration
["INFO" - 9:35:28 PM] EditorConfig support is enabled, checking for .editorconfig files
["INFO" - 9:35:28 PM] No local configuration (i.e. .prettierrc or .editorconfig) detected, will fall back to VS Code configuration
["INFO" - 9:35:37 PM] EditorConfig support is enabled, checking for .editorconfig files
["INFO" - 9:35:37 PM] No local configuration (i.e. .prettierrc or .editorconfig) detected, will fall back to VS Code configuration
["INFO" - 9:35:58 PM] EditorConfig support is enabled, checking for .editorconfig files
["INFO" - 9:35:58 PM] No local configuration (i.e. .prettierrc or .editorconfig) detected, will fall back to VS Code configuration
["INFO" - 9:36:07 PM] EditorConfig support is enabled, checking for .editorconfig files
["INFO" - 9:36:07 PM] No local configuration (i.e. .prettierrc or .editorconfig) detected, will fall back to VS Code configuration
["INFO" - 9:36:09 PM] EditorConfig support is enabled, checking for .editorconfig files
["INFO" - 9:36:09 PM] No local configuration (i.e. .prettierrc or .editorconfig) detected, will fall back to VS Code configuration
["INFO" - 9:36:14 PM] EditorConfig support is enabled, checking for .editorconfig files
["INFO" - 9:36:14 PM] No local configuration (i.e. .prettierrc or .editorconfig) detected, will fall back to VS Code configuration
["INFO" - 9:36:18 PM] EditorConfig support is enabled, checking for .editorconfig files
["INFO" - 9:36:18 PM] No local configuration (i.e. .prettierrc or .editorconfig) detected, will fall back to VS Code configuration
["INFO" - 9:36:28 PM] EditorConfig support is enabled, checking for .editorconfig files
["INFO" - 9:36:28 PM] No local configuration (i.e. .prettierrc or .editorconfig) detected, will fall back to VS Code configuration
["INFO" - 9:37:31 PM] EditorConfig support is enabled, checking for .editorconfig files
["INFO" - 9:37:31 PM] No local configuration (i.e. .prettierrc or .editorconfig) detected, will fall back to VS Code configuration
["INFO" - 9:37:39 PM] EditorConfig support is enabled, checking for .editorconfig files
["INFO" - 9:37:39 PM] No local configuration (i.e. .prettierrc or .editorconfig) detected, will fall back to VS Code configuration
["INFO" - 9:37:41 PM] EditorConfig support is enabled, checking for .editorconfig files
["INFO" - 9:37:41 PM] No local configuration (i.e. .prettierrc or .editorconfig) detected, will fall back to VS Code configuration
["INFO" - 9:40:53 PM] EditorConfig support is enabled, checking for .editorconfig files
["INFO" - 9:40:53 PM] No local configuration (i.e. .prettierrc or .editorconfig) detected, will fall back to VS Code configuration
["INFO" - 9:41:03 PM] EditorConfig support is enabled, checking for .editorconfig files
["INFO" - 9:41:03 PM] No local configuration (i.e. .prettierrc or .editorconfig) detected, will fall back to VS Code configuration
["INFO" - 9:41:07 PM] EditorConfig support is enabled, checking for .editorconfig files
["INFO" - 9:41:07 PM] No local configuration (i.e. .prettierrc or .editorconfig) detected, will fall back to VS Code configuration
["INFO" - 9:41:17 PM] EditorConfig support is enabled, checking for .editorconfig files
["INFO" - 9:41:17 PM] No local configuration (i.e. .prettierrc or .editorconfig) detected, will fall back to VS Code configuration
["INFO" - 9:41:24 PM] EditorConfig support is enabled, checking for .editorconfig files
["INFO" - 9:41:24 PM] No local configuration (i.e. .prettierrc or .editorconfig) detected, will fall back to VS Code configuration
["INFO" - 9:42:54 PM] EditorConfig support is enabled, checking for .editorconfig files
["INFO" - 9:42:54 PM] No local configuration (i.e. .prettierrc or .editorconfig) detected, will fall back to VS Code configuration
["INFO" - 9:42:59 PM] EditorConfig support is enabled, checking for .editorconfig files
["INFO" - 9:42:59 PM] No local configuration (i.e. .prettierrc or .editorconfig) detected, will fall back to VS Code configuration
["INFO" - 9:43:00 PM] EditorConfig support is enabled, checking for .editorconfig files
["INFO" - 9:43:00 PM] No local configuration (i.e. .prettierrc or .editorconfig) detected, will fall back to VS Code configuration
["INFO" - 9:43:02 PM] EditorConfig support is enabled, checking for .editorconfig files
["INFO" - 9:43:02 PM] No local configuration (i.e. .prettierrc or .editorconfig) detected, will fall back to VS Code configuration
["INFO" - 9:43:10 PM] EditorConfig support is enabled, checking for .editorconfig files
["INFO" - 9:43:10 PM] No local configuration (i.e. .prettierrc or .editorconfig) detected, will fall back to VS Code configuration
["INFO" - 9:43:39 PM] EditorConfig support is enabled, checking for .editorconfig files
["INFO" - 9:43:39 PM] No local configuration (i.e. .prettierrc or .editorconfig) detected, will fall back to VS Code configuration
["INFO" - 9:43:57 PM] EditorConfig support is enabled, checking for .editorconfig files
["INFO" - 9:43:57 PM] No local configuration (i.e. .prettierrc or .editorconfig) detected, will fall back to VS Code configuration
["INFO" - 9:44:08 PM] EditorConfig support is enabled, checking for .editorconfig files
["INFO" - 9:44:08 PM] No local configuration (i.e. .prettierrc or .editorconfig) detected, will fall back to VS Code configuration
["INFO" - 9:44:11 PM] EditorConfig support is enabled, checking for .editorconfig files
["INFO" - 9:44:11 PM] No local configuration (i.e. .prettierrc or .editorconfig) detected, will fall back to VS Code configuration
["INFO" - 9:44:15 PM] EditorConfig support is enabled, checking for .editorconfig files
["INFO" - 9:44:15 PM] No local configuration (i.e. .prettierrc or .editorconfig) detected, will fall back to VS Code configuration
["INFO" - 9:44:17 PM] EditorConfig support is enabled, checking for .editorconfig files
["INFO" - 9:44:17 PM] No local configuration (i.e. .prettierrc or .editorconfig) detected, will fall back to VS Code configuration
["INFO" - 9:44:19 PM] EditorConfig support is enabled, checking for .editorconfig files
["INFO" - 9:44:19 PM] No local configuration (i.e. .prettierrc or .editorconfig) detected, will fall back to VS Code configuration
["INFO" - 9:44:20 PM] EditorConfig support is enabled, checking for .editorconfig files
["INFO" - 9:44:20 PM] No local configuration (i.e. .prettierrc or .editorconfig) detected, will fall back to VS Code configuration
["INFO" - 9:44:26 PM] EditorConfig support is enabled, checking for .editorconfig files
["INFO" - 9:44:26 PM] No local configuration (i.e. .prettierrc or .editorconfig) detected, will fall back to VS Code configuration
["INFO" - 9:44:26 PM] EditorConfig support is enabled, checking for .editorconfig files
["INFO" - 9:44:26 PM] No local configuration (i.e. .prettierrc or .editorconfig) detected, will fall back to VS Code configuration
["INFO" - 9:44:44 PM] EditorConfig support is enabled, checking for .editorconfig files
["INFO" - 9:44:44 PM] No local configuration (i.e. .prettierrc or .editorconfig) detected, will fall back to VS Code configuration
["INFO" - 9:44:46 PM] EditorConfig support is enabled, checking for .editorconfig files
["INFO" - 9:44:46 PM] No local configuration (i.e. .prettierrc or .editorconfig) detected, will fall back to VS Code configuration
["INFO" - 9:44:58 PM] EditorConfig support is enabled, checking for .editorconfig files
["INFO" - 9:44:58 PM] No local configuration (i.e. .prettierrc or .editorconfig) detected, will fall back to VS Code configuration
["INFO" - 9:45:00 PM] EditorConfig support is enabled, checking for .editorconfig files
["INFO" - 9:45:00 PM] No local configuration (i.e. .prettierrc or .editorconfig) detected, will fall back to VS Code configuration
["INFO" - 9:45:06 PM] EditorConfig support is enabled, checking for .editorconfig files
["INFO" - 9:45:06 PM] No local configuration (i.e. .prettierrc or .editorconfig) detected, will fall back to VS Code configuration
["INFO" - 9:46:41 PM] EditorConfig support is enabled, checking for .editorconfig files
["INFO" - 9:46:41 PM] No local configuration (i.e. .prettierrc or .editorconfig) detected, will fall back to VS Code configuration
["INFO" - 9:47:00 PM] EditorConfig support is enabled, checking for .editorconfig files
["INFO" - 9:47:00 PM] No local configuration (i.e. .prettierrc or .editorconfig) detected, will fall back to VS Code configuration
["INFO" - 9:47:02 PM] EditorConfig support is enabled, checking for .editorconfig files
["INFO" - 9:47:02 PM] No local configuration (i.e. .prettierrc or .editorconfig) detected, will fall back to VS Code configuration
["INFO" - 9:47:30 PM] EditorConfig support is enabled, checking for .editorconfig files
["INFO" - 9:47:30 PM] No local configuration (i.e. .prettierrc or .editorconfig) detected, will fall back to VS Code configuration
["INFO" - 9:47:32 PM] EditorConfig support is enabled, checking for .editorconfig files
["INFO" - 9:47:32 PM] No local configuration (i.e. .prettierrc or .editorconfig) detected, will fall back to VS Code configuration
["INFO" - 9:47:51 PM] EditorConfig support is enabled, checking for .editorconfig files
["INFO" - 9:47:51 PM] No local configuration (i.e. .prettierrc or .editorconfig) detected, will fall back to VS Code configuration
["INFO" - 9:47:54 PM] EditorConfig support is enabled, checking for .editorconfig files
["INFO" - 9:47:54 PM] No local configuration (i.e. .prettierrc or .editorconfig) detected, will fall back to VS Code configuration
["INFO" - 9:47:59 PM] EditorConfig support is enabled, checking for .editorconfig files
["INFO" - 9:47:59 PM] No local configuration (i.e. .prettierrc or .editorconfig) detected, will fall back to VS Code configuration
