2026-06-11 15:02:51.078 [info] Reading sessions from keychain...
2026-06-11 15:02:51.081 [info] Got stored sessions!
2026-06-11 15:02:51.081 [info] Got 2 verified sessions.
2026-06-11 15:02:51.081 [info] Getting sessions for all scopes...
2026-06-11 15:02:51.081 [info] Got 2 sessions for ...
2026-06-11 15:02:51.081 [info] Getting sessions for all scopes...
2026-06-11 15:02:51.081 [info] Got 2 sessions for ...
2026-06-11 15:03:10.127 [info] Getting sessions for all scopes...
2026-06-11 15:03:10.127 [info] Got 2 sessions for ...
2026-06-11 15:03:10.128 [info] Getting sessions for all scopes...
2026-06-11 15:03:10.128 [info] Got 2 sessions for ...
2026-06-11 15:03:11.263 [info] FetcherService: Node fetch failed with status: 429 Too Many Requests
2026-06-11 15:03:11.285 [info] Unable to resolve optional EDU details. Status: 429 Too Many Requests
2026-06-11 15:03:11.564 [info] Getting sessions for read:user,repo,user:email,workflow...
2026-06-11 15:03:11.565 [info] Got 1 sessions for read:user,repo,user:email,workflow...
2026-06-11 15:03:13.192 [info] Getting sessions for all scopes...
2026-06-11 15:03:13.192 [info] Got 2 sessions for ...
2026-06-11 15:03:17.661 [info] Getting sessions for all scopes...
2026-06-11 15:03:17.661 [info] Got 2 sessions for ...
2026-06-11 15:03:17.662 [info] Getting sessions for all scopes...
2026-06-11 15:03:17.663 [info] Got 2 sessions for ...
2026-06-11 15:03:18.090 [info] Getting sessions for read:user,repo,user:email,workflow...
2026-06-11 15:03:18.090 [info] Got 1 sessions for read:user,repo,user:email,workflow...
2026-06-11 15:03:19.068 [info] Getting sessions for all scopes...
2026-06-11 15:03:19.068 [info] Got 2 sessions for ...
2026-06-11 15:03:19.070 [info] Getting sessions for all scopes...
2026-06-11 15:03:19.070 [info] Got 2 sessions for ...
2026-06-11 15:03:19.261 [info] Getting sessions for read:user,repo,user:email,workflow...
2026-06-11 15:03:19.261 [info] Got 1 sessions for read:user,repo,user:email,workflow...
2026-06-11 15:03:20.613 [info] Getting sessions for all scopes...
2026-06-11 15:03:20.614 [info] Got 2 sessions for ...
2026-06-11 15:03:20.649 [info] Getting sessions for all scopes...
2026-06-11 15:03:20.649 [info] Got 2 sessions for ...
2026-06-11 15:03:20.658 [info] Getting sessions for all scopes...
2026-06-11 15:03:20.659 [info] Got 2 sessions for ...
2026-06-11 15:03:20.660 [info] Getting sessions for all scopes...
2026-06-11 15:03:20.660 [info] Got 2 sessions for ...
2026-06-11 15:03:20.676 [info] Getting sessions for read:user,repo,user:email,workflow...
2026-06-11 15:03:20.677 [info] Got 1 sessions for read:user,repo,user:email,workflow...
2026-06-11 15:03:20.915 [info] Getting sessions for all scopes...
2026-06-11 15:03:20.915 [info] Got 2 sessions for ...
2026-06-11 15:03:20.923 [info] Getting sessions for read:user,repo,user:email,workflow...
2026-06-11 15:03:20.923 [info] Got 1 sessions for read:user,repo,user:email,workflow...
2026-06-11 15:03:22.034 [info] Getting sessions for all scopes...
2026-06-11 15:03:22.034 [info] Got 2 sessions for ...
2026-06-11 15:03:22.136 [info] Getting sessions for read:user,repo,user:email,workflow...
2026-06-11 15:03:22.136 [info] Got 1 sessions for read:user,repo,user:email,workflow...
2026-06-11 15:03:27.704 [info] Getting sessions for user:email...
2026-06-11 15:03:27.704 [info] Got 1 sessions for user:email...
2026-06-11 15:06:51.077 [info] Getting sessions for all scopes...
2026-06-11 15:06:51.156 [info] Got 2 sessions for ...
2026-06-11 15:19:58.868 [info] Getting sessions for all scopes...
2026-06-11 15:19:58.922 [info] Got 2 sessions for ...
2026-06-11 15:19:58.925 [info] Getting sessions for all scopes...
2026-06-11 15:19:58.926 [info] Got 2 sessions for ...
2026-06-11 15:20:37.489 [info] Reading sessions from keychain...
2026-06-11 15:20:37.489 [info] Getting sessions for all scopes...
2026-06-11 15:20:38.308 [info] Got stored sessions!
2026-06-11 15:20:38.308 [info] Got 2 verified sessions.
2026-06-11 15:20:38.309 [info] Got 2 sessions for ...
2026-06-11 15:20:39.112 [info] Getting sessions for all scopes...
2026-06-11 15:20:39.113 [info] Got 2 sessions for ...
2026-06-11 15:20:50.553 [info] Getting sessions for user:email...
2026-06-11 15:20:50.554 [info] Got 1 sessions for user:email...
2026-06-11 15:20:50.851 [info] Getting sessions for all scopes...
2026-06-11 15:20:50.851 [info] Got 2 sessions for ...
2026-06-11 15:20:53.827 [info] Getting sessions for all scopes...
2026-06-11 15:20:53.828 [info] Got 2 sessions for ...
2026-06-11 15:20:53.829 [info] Getting sessions for all scopes...
2026-06-11 15:20:53.829 [info] Got 2 sessions for ...
2026-06-11 15:20:54.850 [info] Getting sessions for read:user,repo,user:email,workflow...
2026-06-11 15:20:54.850 [info] Got 1 sessions for read:user,repo,user:email,workflow...
2026-06-11 15:20:56.949 [info] FetcherService: Node fetch failed with status: 429 Too Many Requests
2026-06-11 15:20:56.958 [info] Unable to resolve optional EDU details. Status: 429 Too Many Requests
2026-06-11 15:20:59.431 [info] Getting sessions for all scopes...
2026-06-11 15:20:59.431 [info] Got 2 sessions for ...
2026-06-11 15:20:59.815 [info] Getting sessions for all scopes...
2026-06-11 15:20:59.816 [info] Got 2 sessions for ...
2026-06-11 15:20:59.888 [info] Getting sessions for user:email...
2026-06-11 15:20:59.888 [info] Got 1 sessions for user:email...
2026-06-11 15:20:59.897 [info] Getting sessions for read:user,repo,user:email,workflow...
2026-06-11 15:20:59.898 [info] Got 1 sessions for read:user,repo,user:email,workflow...
2026-06-11 15:21:00.846 [info] Getting sessions for all scopes...
2026-06-11 15:21:00.847 [info] Got 2 sessions for ...
2026-06-11 15:21:00.976 [info] Getting sessions for all scopes...
2026-06-11 15:21:00.976 [info] Got 2 sessions for ...
2026-06-11 15:21:01.195 [info] Getting sessions for all scopes...
2026-06-11 15:21:01.195 [info] Got 2 sessions for ...
2026-06-11 15:21:01.353 [info] Getting sessions for read:user,repo,user:email,workflow...
2026-06-11 15:21:01.353 [info] Got 1 sessions for read:user,repo,user:email,workflow...
2026-06-11 15:21:02.209 [info] Getting sessions for all scopes...
2026-06-11 15:21:02.210 [info] Got 2 sessions for ...
2026-06-11 15:21:02.410 [info] Getting sessions for all scopes...
2026-06-11 15:21:02.410 [info] Got 2 sessions for ...
2026-06-11 15:21:02.416 [info] Getting sessions for all scopes...
2026-06-11 15:21:02.416 [info] Got 2 sessions for ...
2026-06-11 15:21:02.558 [info] Getting sessions for all scopes...
2026-06-11 15:21:02.558 [info] Got 2 sessions for ...
2026-06-11 15:21:02.616 [info] Getting sessions for read:user,repo,user:email,workflow...
2026-06-11 15:21:02.616 [info] Got 1 sessions for read:user,repo,user:email,workflow...
2026-06-11 15:21:02.701 [info] Getting sessions for all scopes...
2026-06-11 15:21:02.701 [info] Got 2 sessions for ...
2026-06-11 15:21:02.704 [info] Getting sessions for all scopes...
2026-06-11 15:21:02.704 [info] Got 2 sessions for ...
2026-06-11 15:21:02.714 [info] Getting sessions for read:user,repo,user:email,workflow...
2026-06-11 15:21:02.714 [info] Got 1 sessions for read:user,repo,user:email,workflow...
2026-06-11 15:21:03.714 [info] Getting sessions for all scopes...
2026-06-11 15:21:03.715 [info] Got 2 sessions for ...
2026-06-11 15:21:03.742 [info] Getting sessions for read:user,repo,user:email,workflow...
2026-06-11 15:21:03.742 [info] Got 1 sessions for read:user,repo,user:email,workflow...
2026-06-11 15:21:09.275 [info] Getting sessions for all scopes...
2026-06-11 15:21:09.276 [info] Got 2 sessions for ...
2026-06-11 15:21:09.302 [info] Getting sessions for all scopes...
2026-06-11 15:21:09.303 [info] Got 2 sessions for ...
2026-06-11 15:25:18.863 [info] Getting sessions for all scopes...
2026-06-11 15:25:18.864 [info] Got 2 sessions for ...
2026-06-11 15:25:18.884 [info] Getting sessions for all scopes...
2026-06-11 15:25:18.884 [info] Got 2 sessions for ...
2026-06-11 15:25:40.156 [info] Getting sessions for all scopes...
2026-06-11 15:25:40.157 [info] Got 2 sessions for ...
2026-06-11 15:25:40.174 [info] Getting sessions for all scopes...
2026-06-11 15:25:40.174 [info] Got 2 sessions for ...
