2026-06-10 23:00:25.309 [info] Reading sessions from keychain...
2026-06-10 23:00:25.309 [info] Getting sessions for all scopes...
2026-06-10 23:00:25.309 [info] Got stored sessions!
2026-06-10 23:00:25.309 [info] Got 2 verified sessions.
2026-06-10 23:00:25.309 [info] Got 2 sessions for ...
2026-06-10 23:00:25.309 [info] Getting sessions for all scopes...
2026-06-10 23:00:25.309 [info] Got 2 sessions for ...
2026-06-10 23:00:25.309 [info] Getting sessions for all scopes...
2026-06-10 23:00:25.309 [info] Got 2 sessions for ...
2026-06-10 23:00:25.309 [info] Getting sessions for user:email...
2026-06-10 23:00:25.309 [info] Got 1 sessions for user:email...
2026-06-10 23:00:25.309 [info] Getting sessions for all scopes...
2026-06-10 23:00:25.309 [info] Got 2 sessions for ...
2026-06-10 23:00:25.309 [info] Getting sessions for all scopes...
2026-06-10 23:00:25.309 [info] Got 2 sessions for ...
2026-06-10 23:00:25.309 [info] Getting sessions for all scopes...
2026-06-10 23:00:25.309 [info] Got 2 sessions for ...
2026-06-10 23:00:25.309 [info] Getting sessions for read:user,repo,user:email,workflow...
2026-06-10 23:00:25.309 [info] Got 1 sessions for read:user,repo,user:email,workflow...
2026-06-10 23:00:26.932 [info] Getting sessions for all scopes...
2026-06-10 23:00:26.933 [info] Got 2 sessions for ...
2026-06-10 23:00:29.207 [info] FetcherService: Node fetch failed with status: 429 Too Many Requests
2026-06-10 23:00:29.220 [info] Unable to resolve optional EDU details. Status: 429 Too Many Requests
2026-06-10 23:00:29.279 [info] Getting sessions for all scopes...
2026-06-10 23:00:29.279 [info] Got 2 sessions for ...
2026-06-10 23:00:30.092 [info] Getting sessions for user:email...
2026-06-10 23:00:30.092 [info] Got 1 sessions for user:email...
2026-06-10 23:00:30.099 [info] Getting sessions for read:user,repo,user:email,workflow...
2026-06-10 23:00:30.099 [info] Got 1 sessions for read:user,repo,user:email,workflow...
2026-06-10 23:00:30.550 [info] Getting sessions for all scopes...
2026-06-10 23:00:30.550 [info] Got 2 sessions for ...
2026-06-10 23:00:30.558 [info] Getting sessions for read:user,repo,user:email,workflow...
2026-06-10 23:00:30.558 [info] Got 1 sessions for read:user,repo,user:email,workflow...
2026-06-10 23:00:31.622 [info] Getting sessions for all scopes...
2026-06-10 23:00:31.622 [info] Got 2 sessions for ...
2026-06-10 23:00:31.623 [info] Getting sessions for all scopes...
2026-06-10 23:00:31.623 [info] Got 2 sessions for ...
2026-06-10 23:00:31.792 [info] Getting sessions for read:user,repo,user:email,workflow...
2026-06-10 23:00:31.792 [info] Got 1 sessions for read:user,repo,user:email,workflow...
2026-06-10 23:00:33.062 [info] Getting sessions for all scopes...
2026-06-10 23:00:33.062 [info] Got 2 sessions for ...
2026-06-10 23:00:33.227 [info] Getting sessions for all scopes...
2026-06-10 23:00:33.227 [info] Got 2 sessions for ...
2026-06-10 23:00:33.256 [info] Getting sessions for all scopes...
2026-06-10 23:00:33.256 [info] Got 2 sessions for ...
2026-06-10 23:00:33.266 [info] Getting sessions for all scopes...
2026-06-10 23:00:33.266 [info] Got 2 sessions for ...
2026-06-10 23:00:35.306 [info] Getting sessions for read:user,repo,user:email,workflow...
2026-06-10 23:00:35.306 [info] Got 1 sessions for read:user,repo,user:email,workflow...
2026-06-10 23:00:35.923 [info] Getting sessions for all scopes...
2026-06-10 23:00:35.923 [info] Got 2 sessions for ...
2026-06-10 23:00:35.930 [info] Getting sessions for read:user,repo,user:email,workflow...
2026-06-10 23:00:35.930 [info] Got 1 sessions for read:user,repo,user:email,workflow...
